16:36:43 **** Build of configuration Debug for project STM32_Lab2 ****
make -j16 all 
arm-none-eabi-gcc "../Drivers/STM32F1xx_HAL_Driver/Src/stm32f1xx_hal.c" -mcpu=cortex-m3 -std=gnu11 -g3 -DDEBUG -DUSE_HAL_DRIVER -DSTM32F103x6 -c -I../Core/Inc -I../Drivers/STM32F1xx_HAL_Driver/Inc -I../Drivers/STM32F1xx_HAL_Driver/Inc/Legacy -I../Drivers/CMSIS/Device/ST/STM32F1xx/Include -I../Drivers/CMSIS/Include -O0 -ffunction-sections -fdata-sections -Wall -fstack-usage -MMD -MP -MF"Drivers/STM32F1xx_HAL_Driver/Src/stm32f1xx_hal.d" -MT"Drivers/STM32F1xx_HAL_Driver/Src/stm32f1xx_hal.o" --specs=nano.specs -mfloat-abi=soft -mthumb -o "Drivers/STM32F1xx_HAL_Driver/Src/stm32f1xx_hal.o"
arm-none-eabi-gcc "../Drivers/STM32F1xx_HAL_Driver/Src/stm32f1xx_hal_cortex.c" -mcpu=cortex-m3 -std=gnu11 -g3 -DDEBUG -DUSE_HAL_DRIVER -DSTM32F103x6 -c -I../Core/Inc -I../Drivers/STM32F1xx_HAL_Driver/Inc -I../Drivers/STM32F1xx_HAL_Driver/Inc/Legacy -I../Drivers/CMSIS/Device/ST/STM32F1xx/Include -I../Drivers/CMSIS/Include -O0 -ffunction-sections -fdata-sections -Wall -fstack-usage -MMD -MP -MF"Drivers/STM32F1xx_HAL_Driver/Src/stm32f1xx_hal_cortex.d" -MT"Drivers/STM32F1xx_HAL_Driver/Src/stm32f1xx_hal_cortex.o" --specs=nano.specs -mfloat-abi=soft -mthumb -o "Drivers/STM32F1xx_HAL_Driver/Src/stm32f1xx_hal_cortex.o"
arm-none-eabi-gcc "../Drivers/STM32F1xx_HAL_Driver/Src/stm32f1xx_hal_dma.c" -mcpu=cortex-m3 -std=gnu11 -g3 -DDEBUG -DUSE_HAL_DRIVER -DSTM32F103x6 -c -I../Core/Inc -I../Drivers/STM32F1xx_HAL_Driver/Inc -I../Drivers/STM32F1xx_HAL_Driver/Inc/Legacy -I../Drivers/CMSIS/Device/ST/STM32F1xx/Include -I../Drivers/CMSIS/Include -O0 -ffunction-sections -fdata-sections -Wall -fstack-usage -MMD -MP -MF"Drivers/STM32F1xx_HAL_Driver/Src/stm32f1xx_hal_dma.d" -MT"Drivers/STM32F1xx_HAL_Driver/Src/stm32f1xx_hal_dma.o" --specs=nano.specs -mfloat-abi=soft -mthumb -o "Drivers/STM32F1xx_HAL_Driver/Src/stm32f1xx_hal_dma.o"
arm-none-eabi-gcc "../Drivers/STM32F1xx_HAL_Driver/Src/stm32f1xx_hal_exti.c" -mcpu=cortex-m3 -std=gnu11 -g3 -DDEBUG -DUSE_HAL_DRIVER -DSTM32F103x6 -c -I../Core/Inc -I../Drivers/STM32F1xx_HAL_Driver/Inc -I../Drivers/STM32F1xx_HAL_Driver/Inc/Legacy -I../Drivers/CMSIS/Device/ST/STM32F1xx/Include -I../Drivers/CMSIS/Include -O0 -ffunction-sections -fdata-sections -Wall -fstack-usage -MMD -MP -MF"Drivers/STM32F1xx_HAL_Driver/Src/stm32f1xx_hal_exti.d" -MT"Drivers/STM32F1xx_HAL_Driver/Src/stm32f1xx_hal_exti.o" --specs=nano.specs -mfloat-abi=soft -mthumb -o "Drivers/STM32F1xx_HAL_Driver/Src/stm32f1xx_hal_exti.o"
arm-none-eabi-gcc "../Drivers/STM32F1xx_HAL_Driver/Src/stm32f1xx_hal_flash.c" -mcpu=cortex-m3 -std=gnu11 -g3 -DDEBUG -DUSE_HAL_DRIVER -DSTM32F103x6 -c -I../Core/Inc -I../Drivers/STM32F1xx_HAL_Driver/Inc -I../Drivers/STM32F1xx_HAL_Driver/Inc/Legacy -I../Drivers/CMSIS/Device/ST/STM32F1xx/Include -I../Drivers/CMSIS/Include -O0 -ffunction-sections -fdata-sections -Wall -fstack-usage -MMD -MP -MF"Drivers/STM32F1xx_HAL_Driver/Src/stm32f1xx_hal_flash.d" -MT"Drivers/STM32F1xx_HAL_Driver/Src/stm32f1xx_hal_flash.o" --specs=nano.specs -mfloat-abi=soft -mthumb -o "Drivers/STM32F1xx_HAL_Driver/Src/stm32f1xx_hal_flash.o"
arm-none-eabi-gcc "../Drivers/STM32F1xx_HAL_Driver/Src/stm32f1xx_hal_flash_ex.c" -mcpu=cortex-m3 -std=gnu11 -g3 -DDEBUG -DUSE_HAL_DRIVER -DSTM32F103x6 -c -I../Core/Inc -I../Drivers/STM32F1xx_HAL_Driver/Inc -I../Drivers/STM32F1xx_HAL_Driver/Inc/Legacy -I../Drivers/CMSIS/Device/ST/STM32F1xx/Include -I../Drivers/CMSIS/Include -O0 -ffunction-sections -fdata-sections -Wall -fstack-usage -MMD -MP -MF"Drivers/STM32F1xx_HAL_Driver/Src/stm32f1xx_hal_flash_ex.d" -MT"Drivers/STM32F1xx_HAL_Driver/Src/stm32f1xx_hal_flash_ex.o" --specs=nano.specs -mfloat-abi=soft -mthumb -o "Drivers/STM32F1xx_HAL_Driver/Src/stm32f1xx_hal_flash_ex.o"
arm-none-eabi-gcc "../Drivers/STM32F1xx_HAL_Driver/Src/stm32f1xx_hal_gpio.c" -mcpu=cortex-m3 -std=gnu11 -g3 -DDEBUG -DUSE_HAL_DRIVER -DSTM32F103x6 -c -I../Core/Inc -I../Drivers/STM32F1xx_HAL_Driver/Inc -I../Drivers/STM32F1xx_HAL_Driver/Inc/Legacy -I../Drivers/CMSIS/Device/ST/STM32F1xx/Include -I../Drivers/CMSIS/Include -O0 -ffunction-sections -fdata-sections -Wall -fstack-usage -MMD -MP -MF"Drivers/STM32F1xx_HAL_Driver/Src/stm32f1xx_hal_gpio.d" -MT"Drivers/STM32F1xx_HAL_Driver/Src/stm32f1xx_hal_gpio.o" --specs=nano.specs -mfloat-abi=soft -mthumb -o "Drivers/STM32F1xx_HAL_Driver/Src/stm32f1xx_hal_gpio.o"
arm-none-eabi-gcc "../Drivers/STM32F1xx_HAL_Driver/Src/stm32f1xx_hal_gpio_ex.c" -mcpu=cortex-m3 -std=gnu11 -g3 -DDEBUG -DUSE_HAL_DRIVER -DSTM32F103x6 -c -I../Core/Inc -I../Drivers/STM32F1xx_HAL_Driver/Inc -I../Drivers/STM32F1xx_HAL_Driver/Inc/Legacy -I../Drivers/CMSIS/Device/ST/STM32F1xx/Include -I../Drivers/CMSIS/Include -O0 -ffunction-sections -fdata-sections -Wall -fstack-usage -MMD -MP -MF"Drivers/STM32F1xx_HAL_Driver/Src/stm32f1xx_hal_gpio_ex.d" -MT"Drivers/STM32F1xx_HAL_Driver/Src/stm32f1xx_hal_gpio_ex.o" --specs=nano.specs -mfloat-abi=soft -mthumb -o "Drivers/STM32F1xx_HAL_Driver/Src/stm32f1xx_hal_gpio_ex.o"
arm-none-eabi-gcc "../Drivers/STM32F1xx_HAL_Driver/Src/stm32f1xx_hal_pwr.c" -mcpu=cortex-m3 -std=gnu11 -g3 -DDEBUG -DUSE_HAL_DRIVER -DSTM32F103x6 -c -I../Core/Inc -I../Drivers/STM32F1xx_HAL_Driver/Inc -I../Drivers/STM32F1xx_HAL_Driver/Inc/Legacy -I../Drivers/CMSIS/Device/ST/STM32F1xx/Include -I../Drivers/CMSIS/Include -O0 -ffunction-sections -fdata-sections -Wall -fstack-usage -MMD -MP -MF"Drivers/STM32F1xx_HAL_Driver/Src/stm32f1xx_hal_pwr.d" -MT"Drivers/STM32F1xx_HAL_Driver/Src/stm32f1xx_hal_pwr.o" --specs=nano.specs -mfloat-abi=soft -mthumb -o "Drivers/STM32F1xx_HAL_Driver/Src/stm32f1xx_hal_pwr.o"
arm-none-eabi-gcc "../Drivers/STM32F1xx_HAL_Driver/Src/stm32f1xx_hal_rcc.c" -mcpu=cortex-m3 -std=gnu11 -g3 -DDEBUG -DUSE_HAL_DRIVER -DSTM32F103x6 -c -I../Core/Inc -I../Drivers/STM32F1xx_HAL_Driver/Inc -I../Drivers/STM32F1xx_HAL_Driver/Inc/Legacy -I../Drivers/CMSIS/Device/ST/STM32F1xx/Include -I../Drivers/CMSIS/Include -O0 -ffunction-sections -fdata-sections -Wall -fstack-usage -MMD -MP -MF"Drivers/STM32F1xx_HAL_Driver/Src/stm32f1xx_hal_rcc.d" -MT"Drivers/STM32F1xx_HAL_Driver/Src/stm32f1xx_hal_rcc.o" --specs=nano.specs -mfloat-abi=soft -mthumb -o "Drivers/STM32F1xx_HAL_Driver/Src/stm32f1xx_hal_rcc.o"
arm-none-eabi-gcc "../Drivers/STM32F1xx_HAL_Driver/Src/stm32f1xx_hal_rcc_ex.c" -mcpu=cortex-m3 -std=gnu11 -g3 -DDEBUG -DUSE_HAL_DRIVER -DSTM32F103x6 -c -I../Core/Inc -I../Drivers/STM32F1xx_HAL_Driver/Inc -I../Drivers/STM32F1xx_HAL_Driver/Inc/Legacy -I../Drivers/CMSIS/Device/ST/STM32F1xx/Include -I../Drivers/CMSIS/Include -O0 -ffunction-sections -fdata-sections -Wall -fstack-usage -MMD -MP -MF"Drivers/STM32F1xx_HAL_Driver/Src/stm32f1xx_hal_rcc_ex.d" -MT"Drivers/STM32F1xx_HAL_Driver/Src/stm32f1xx_hal_rcc_ex.o" --specs=nano.specs -mfloat-abi=soft -mthumb -o "Drivers/STM32F1xx_HAL_Driver/Src/stm32f1xx_hal_rcc_ex.o"
arm-none-eabi-gcc "../Drivers/STM32F1xx_HAL_Driver/Src/stm32f1xx_hal_tim.c" -mcpu=cortex-m3 -std=gnu11 -g3 -DDEBUG -DUSE_HAL_DRIVER -DSTM32F103x6 -c -I../Core/Inc -I../Drivers/STM32F1xx_HAL_Driver/Inc -I../Drivers/STM32F1xx_HAL_Driver/Inc/Legacy -I../Drivers/CMSIS/Device/ST/STM32F1xx/Include -I../Drivers/CMSIS/Include -O0 -ffunction-sections -fdata-sections -Wall -fstack-usage -MMD -MP -MF"Drivers/STM32F1xx_HAL_Driver/Src/stm32f1xx_hal_tim.d" -MT"Drivers/STM32F1xx_HAL_Driver/Src/stm32f1xx_hal_tim.o" --specs=nano.specs -mfloat-abi=soft -mthumb -o "Drivers/STM32F1xx_HAL_Driver/Src/stm32f1xx_hal_tim.o"
arm-none-eabi-gcc "../Drivers/STM32F1xx_HAL_Driver/Src/stm32f1xx_hal_tim_ex.c" -mcpu=cortex-m3 -std=gnu11 -g3 -DDEBUG -DUSE_HAL_DRIVER -DSTM32F103x6 -c -I../Core/Inc -I../Drivers/STM32F1xx_HAL_Driver/Inc -I../Drivers/STM32F1xx_HAL_Driver/Inc/Legacy -I../Drivers/CMSIS/Device/ST/STM32F1xx/Include -I../Drivers/CMSIS/Include -O0 -ffunction-sections -fdata-sections -Wall -fstack-usage -MMD -MP -MF"Drivers/STM32F1xx_HAL_Driver/Src/stm32f1xx_hal_tim_ex.d" -MT"Drivers/STM32F1xx_HAL_Driver/Src/stm32f1xx_hal_tim_ex.o" --specs=nano.specs -mfloat-abi=soft -mthumb -o "Drivers/STM32F1xx_HAL_Driver/Src/stm32f1xx_hal_tim_ex.o"
arm-none-eabi-gcc -mcpu=cortex-m3 -g3 -DDEBUG -c -x assembler-with-cpp -MMD -MP -MF"Core/Startup/startup_stm32f103c6ux.d" -MT"Core/Startup/startup_stm32f103c6ux.o" --specs=nano.specs -mfloat-abi=soft -mthumb -o "Core/Startup/startup_stm32f103c6ux.o" "../Core/Startup/startup_stm32f103c6ux.s"
arm-none-eabi-gcc "../Core/Src/main.c" -mcpu=cortex-m3 -std=gnu11 -g3 -DDEBUG -DUSE_HAL_DRIVER -DSTM32F103x6 -c -I../Core/Inc -I../Drivers/STM32F1xx_HAL_Driver/Inc -I../Drivers/STM32F1xx_HAL_Driver/Inc/Legacy -I../Drivers/CMSIS/Device/ST/STM32F1xx/Include -I../Drivers/CMSIS/Include -O0 -ffunction-sections -fdata-sections -Wall -fstack-usage -MMD -MP -MF"Core/Src/main.d" -MT"Core/Src/main.o" --specs=nano.specs -mfloat-abi=soft -mthumb -o "Core/Src/main.o"
arm-none-eabi-gcc "../Core/Src/stm32f1xx_hal_msp.c" -mcpu=cortex-m3 -std=gnu11 -g3 -DDEBUG -DUSE_HAL_DRIVER -DSTM32F103x6 -c -I../Core/Inc -I../Drivers/STM32F1xx_HAL_Driver/Inc -I../Drivers/STM32F1xx_HAL_Driver/Inc/Legacy -I../Drivers/CMSIS/Device/ST/STM32F1xx/Include -I../Drivers/CMSIS/Include -O0 -ffunction-sections -fdata-sections -Wall -fstack-usage -MMD -MP -MF"Core/Src/stm32f1xx_hal_msp.d" -MT"Core/Src/stm32f1xx_hal_msp.o" --specs=nano.specs -mfloat-abi=soft -mthumb -o "Core/Src/stm32f1xx_hal_msp.o"
arm-none-eabi-gcc "../Core/Src/stm32f1xx_it.c" -mcpu=cortex-m3 -std=gnu11 -g3 -DDEBUG -DUSE_HAL_DRIVER -DSTM32F103x6 -c -I../Core/Inc -I../Drivers/STM32F1xx_HAL_Driver/Inc -I../Drivers/STM32F1xx_HAL_Driver/Inc/Legacy -I../Drivers/CMSIS/Device/ST/STM32F1xx/Include -I../Drivers/CMSIS/Include -O0 -ffunction-sections -fdata-sections -Wall -fstack-usage -MMD -MP -MF"Core/Src/stm32f1xx_it.d" -MT"Core/Src/stm32f1xx_it.o" --specs=nano.specs -mfloat-abi=soft -mthumb -o "Core/Src/stm32f1xx_it.o"
arm-none-eabi-gcc "../Core/Src/syscalls.c" -mcpu=cortex-m3 -std=gnu11 -g3 -DDEBUG -DUSE_HAL_DRIVER -DSTM32F103x6 -c -I../Core/Inc -I../Drivers/STM32F1xx_HAL_Driver/Inc -I../Drivers/STM32F1xx_HAL_Driver/Inc/Legacy -I../Drivers/CMSIS/Device/ST/STM32F1xx/Include -I../Drivers/CMSIS/Include -O0 -ffunction-sections -fdata-sections -Wall -fstack-usage -MMD -MP -MF"Core/Src/syscalls.d" -MT"Core/Src/syscalls.o" --specs=nano.specs -mfloat-abi=soft -mthumb -o "Core/Src/syscalls.o"
arm-none-eabi-gcc "../Core/Src/sysmem.c" -mcpu=cortex-m3 -std=gnu11 -g3 -DDEBUG -DUSE_HAL_DRIVER -DSTM32F103x6 -c -I../Core/Inc -I../Drivers/STM32F1xx_HAL_Driver/Inc -I../Drivers/STM32F1xx_HAL_Driver/Inc/Legacy -I../Drivers/CMSIS/Device/ST/STM32F1xx/Include -I../Drivers/CMSIS/Include -O0 -ffunction-sections -fdata-sections -Wall -fstack-usage -MMD -MP -MF"Core/Src/sysmem.d" -MT"Core/Src/sysmem.o" --specs=nano.specs -mfloat-abi=soft -mthumb -o "Core/Src/sysmem.o"
arm-none-eabi-gcc "../Core/Src/system_stm32f1xx.c" -mcpu=cortex-m3 -std=gnu11 -g3 -DDEBUG -DUSE_HAL_DRIVER -DSTM32F103x6 -c -I../Core/Inc -I../Drivers/STM32F1xx_HAL_Driver/Inc -I../Drivers/STM32F1xx_HAL_Driver/Inc/Legacy -I../Drivers/CMSIS/Device/ST/STM32F1xx/Include -I../Drivers/CMSIS/Include -O0 -ffunction-sections -fdata-sections -Wall -fstack-usage -MMD -MP -MF"Core/Src/system_stm32f1xx.d" -MT"Core/Src/system_stm32f1xx.o" --specs=nano.specs -mfloat-abi=soft -mthumb -o "Core/Src/system_stm32f1xx.o"
arm-none-eabi-gcc -o "STM32_Lab2.elf" @"objects.list"   -mcpu=cortex-m3 -T"C:\Users\itzic\Desktop\baitapxaml\VXL\Git_Lab2\STM32_code\STM32_Lab2\STM32F103C6UX_FLASH.ld" --specs=nosys.specs -Wl,-Map="STM32_Lab2.map" -Wl,--gc-sections -static --specs=nano.specs -mfloat-abi=soft -mthumb -Wl,--start-group -lc -lm -Wl,--end-group
Finished building target: STM32_Lab2.elf
 
arm-none-eabi-size   STM32_Lab2.elf 
arm-none-eabi-objdump -h -S  STM32_Lab2.elf  > "STM32_Lab2.list"
arm-none-eabi-objcopy  -O binary  STM32_Lab2.elf  "STM32_Lab2.bin"
   text	   data	    bss	    dec	    hex	filename
   4492	     20	   1572	   6084	   17c4	STM32_Lab2.elf
Finished building: default.size.stdout
 
Finished building: STM32_Lab2.bin
Finished building: STM32_Lab2.list
 
 
16:43:20 **** Incremental Build of configuration Debug for project STM32_Lab2 ****
make -j16 all 
arm-none-eabi-gcc "../Core/Src/main.c" -mcpu=cortex-m3 -std=gnu11 -g3 -DDEBUG -DUSE_HAL_DRIVER -DSTM32F103x6 -c -I../Core/Inc -I../Drivers/STM32F1xx_HAL_Driver/Inc -I../Drivers/STM32F1xx_HAL_Driver/Inc/Legacy -I../Drivers/CMSIS/Device/ST/STM32F1xx/Include -I../Drivers/CMSIS/Include -O0 -ffunction-sections -fdata-sections -Wall -fstack-usage -MMD -MP -MF"Core/Src/main.d" -MT"Core/Src/main.o" --specs=nano.specs -mfloat-abi=soft -mthumb -o "Core/Src/main.o"
arm-none-eabi-gcc "../Core/Src/software_timer.c" -mcpu=cortex-m3 -std=gnu11 -g3 -DDEBUG -DUSE_HAL_DRIVER -DSTM32F103x6 -c -I../Core/Inc -I../Drivers/STM32F1xx_HAL_Driver/Inc -I../Drivers/STM32F1xx_HAL_Driver/Inc/Legacy -I../Drivers/CMSIS/Device/ST/STM32F1xx/Include -I../Drivers/CMSIS/Include -O0 -ffunction-sections -fdata-sections -Wall -fstack-usage -MMD -MP -MF"Core/Src/software_timer.d" -MT"Core/Src/software_timer.o" --specs=nano.specs -mfloat-abi=soft -mthumb -o "Core/Src/software_timer.o"
arm-none-eabi-gcc "../Core/Src/stm32f1xx_hal_msp.c" -mcpu=cortex-m3 -std=gnu11 -g3 -DDEBUG -DUSE_HAL_DRIVER -DSTM32F103x6 -c -I../Core/Inc -I../Drivers/STM32F1xx_HAL_Driver/Inc -I../Drivers/STM32F1xx_HAL_Driver/Inc/Legacy -I../Drivers/CMSIS/Device/ST/STM32F1xx/Include -I../Drivers/CMSIS/Include -O0 -ffunction-sections -fdata-sections -Wall -fstack-usage -MMD -MP -MF"Core/Src/stm32f1xx_hal_msp.d" -MT"Core/Src/stm32f1xx_hal_msp.o" --specs=nano.specs -mfloat-abi=soft -mthumb -o "Core/Src/stm32f1xx_hal_msp.o"
arm-none-eabi-gcc "../Core/Src/stm32f1xx_it.c" -mcpu=cortex-m3 -std=gnu11 -g3 -DDEBUG -DUSE_HAL_DRIVER -DSTM32F103x6 -c -I../Core/Inc -I../Drivers/STM32F1xx_HAL_Driver/Inc -I../Drivers/STM32F1xx_HAL_Driver/Inc/Legacy -I../Drivers/CMSIS/Device/ST/STM32F1xx/Include -I../Drivers/CMSIS/Include -O0 -ffunction-sections -fdata-sections -Wall -fstack-usage -MMD -MP -MF"Core/Src/stm32f1xx_it.d" -MT"Core/Src/stm32f1xx_it.o" --specs=nano.specs -mfloat-abi=soft -mthumb -o "Core/Src/stm32f1xx_it.o"
arm-none-eabi-gcc "../Core/Src/syscalls.c" -mcpu=cortex-m3 -std=gnu11 -g3 -DDEBUG -DUSE_HAL_DRIVER -DSTM32F103x6 -c -I../Core/Inc -I../Drivers/STM32F1xx_HAL_Driver/Inc -I../Drivers/STM32F1xx_HAL_Driver/Inc/Legacy -I../Drivers/CMSIS/Device/ST/STM32F1xx/Include -I../Drivers/CMSIS/Include -O0 -ffunction-sections -fdata-sections -Wall -fstack-usage -MMD -MP -MF"Core/Src/syscalls.d" -MT"Core/Src/syscalls.o" --specs=nano.specs -mfloat-abi=soft -mthumb -o "Core/Src/syscalls.o"
arm-none-eabi-gcc "../Core/Src/sysmem.c" -mcpu=cortex-m3 -std=gnu11 -g3 -DDEBUG -DUSE_HAL_DRIVER -DSTM32F103x6 -c -I../Core/Inc -I../Drivers/STM32F1xx_HAL_Driver/Inc -I../Drivers/STM32F1xx_HAL_Driver/Inc/Legacy -I../Drivers/CMSIS/Device/ST/STM32F1xx/Include -I../Drivers/CMSIS/Include -O0 -ffunction-sections -fdata-sections -Wall -fstack-usage -MMD -MP -MF"Core/Src/sysmem.d" -MT"Core/Src/sysmem.o" --specs=nano.specs -mfloat-abi=soft -mthumb -o "Core/Src/sysmem.o"
arm-none-eabi-gcc "../Core/Src/system_stm32f1xx.c" -mcpu=cortex-m3 -std=gnu11 -g3 -DDEBUG -DUSE_HAL_DRIVER -DSTM32F103x6 -c -I../Core/Inc -I../Drivers/STM32F1xx_HAL_Driver/Inc -I../Drivers/STM32F1xx_HAL_Driver/Inc/Legacy -I../Drivers/CMSIS/Device/ST/STM32F1xx/Include -I../Drivers/CMSIS/Include -O0 -ffunction-sections -fdata-sections -Wall -fstack-usage -MMD -MP -MF"Core/Src/system_stm32f1xx.d" -MT"Core/Src/system_stm32f1xx.o" --specs=nano.specs -mfloat-abi=soft -mthumb -o "Core/Src/system_stm32f1xx.o"
../Core/Src/main.c:177:36: error: unknown type name 'TIM_HandleTypeDef'; did you mean 'DMA_HandleTypeDef'?
  177 | void HAL_TIM_PeriodElapsedCallback(TIM_HandleTypeDef *htim){
      |                                    ^~~~~~~~~~~~~~~~~
      |                                    DMA_HandleTypeDef
make: *** [Core/Src/subdir.mk:37: Core/Src/main.o] Error 1
make: *** Waiting for unfinished jobs....
"make -j16 all" terminated with exit code 2. Build might be incomplete.
16:45:46 **** Incremental Build of configuration Debug for project STM32_Lab2 ****
make -j16 all 
arm-none-eabi-gcc "../Drivers/STM32F1xx_HAL_Driver/Src/stm32f1xx_hal.c" -mcpu=cortex-m3 -std=gnu11 -g3 -DDEBUG -DUSE_HAL_DRIVER -DSTM32F103x6 -c -I../Core/Inc -I../Drivers/STM32F1xx_HAL_Driver/Inc -I../Drivers/STM32F1xx_HAL_Driver/Inc/Legacy -I../Drivers/CMSIS/Device/ST/STM32F1xx/Include -I../Drivers/CMSIS/Include -O0 -ffunction-sections -fdata-sections -Wall -fstack-usage -MMD -MP -MF"Drivers/STM32F1xx_HAL_Driver/Src/stm32f1xx_hal.d" -MT"Drivers/STM32F1xx_HAL_Driver/Src/stm32f1xx_hal.o" --specs=nano.specs -mfloat-abi=soft -mthumb -o "Drivers/STM32F1xx_HAL_Driver/Src/stm32f1xx_hal.o"
arm-none-eabi-gcc "../Drivers/STM32F1xx_HAL_Driver/Src/stm32f1xx_hal_cortex.c" -mcpu=cortex-m3 -std=gnu11 -g3 -DDEBUG -DUSE_HAL_DRIVER -DSTM32F103x6 -c -I../Core/Inc -I../Drivers/STM32F1xx_HAL_Driver/Inc -I../Drivers/STM32F1xx_HAL_Driver/Inc/Legacy -I../Drivers/CMSIS/Device/ST/STM32F1xx/Include -I../Drivers/CMSIS/Include -O0 -ffunction-sections -fdata-sections -Wall -fstack-usage -MMD -MP -MF"Drivers/STM32F1xx_HAL_Driver/Src/stm32f1xx_hal_cortex.d" -MT"Drivers/STM32F1xx_HAL_Driver/Src/stm32f1xx_hal_cortex.o" --specs=nano.specs -mfloat-abi=soft -mthumb -o "Drivers/STM32F1xx_HAL_Driver/Src/stm32f1xx_hal_cortex.o"
arm-none-eabi-gcc "../Drivers/STM32F1xx_HAL_Driver/Src/stm32f1xx_hal_dma.c" -mcpu=cortex-m3 -std=gnu11 -g3 -DDEBUG -DUSE_HAL_DRIVER -DSTM32F103x6 -c -I../Core/Inc -I../Drivers/STM32F1xx_HAL_Driver/Inc -I../Drivers/STM32F1xx_HAL_Driver/Inc/Legacy -I../Drivers/CMSIS/Device/ST/STM32F1xx/Include -I../Drivers/CMSIS/Include -O0 -ffunction-sections -fdata-sections -Wall -fstack-usage -MMD -MP -MF"Drivers/STM32F1xx_HAL_Driver/Src/stm32f1xx_hal_dma.d" -MT"Drivers/STM32F1xx_HAL_Driver/Src/stm32f1xx_hal_dma.o" --specs=nano.specs -mfloat-abi=soft -mthumb -o "Drivers/STM32F1xx_HAL_Driver/Src/stm32f1xx_hal_dma.o"
arm-none-eabi-gcc "../Drivers/STM32F1xx_HAL_Driver/Src/stm32f1xx_hal_exti.c" -mcpu=cortex-m3 -std=gnu11 -g3 -DDEBUG -DUSE_HAL_DRIVER -DSTM32F103x6 -c -I../Core/Inc -I../Drivers/STM32F1xx_HAL_Driver/Inc -I../Drivers/STM32F1xx_HAL_Driver/Inc/Legacy -I../Drivers/CMSIS/Device/ST/STM32F1xx/Include -I../Drivers/CMSIS/Include -O0 -ffunction-sections -fdata-sections -Wall -fstack-usage -MMD -MP -MF"Drivers/STM32F1xx_HAL_Driver/Src/stm32f1xx_hal_exti.d" -MT"Drivers/STM32F1xx_HAL_Driver/Src/stm32f1xx_hal_exti.o" --specs=nano.specs -mfloat-abi=soft -mthumb -o "Drivers/STM32F1xx_HAL_Driver/Src/stm32f1xx_hal_exti.o"
arm-none-eabi-gcc "../Drivers/STM32F1xx_HAL_Driver/Src/stm32f1xx_hal_flash.c" -mcpu=cortex-m3 -std=gnu11 -g3 -DDEBUG -DUSE_HAL_DRIVER -DSTM32F103x6 -c -I../Core/Inc -I../Drivers/STM32F1xx_HAL_Driver/Inc -I../Drivers/STM32F1xx_HAL_Driver/Inc/Legacy -I../Drivers/CMSIS/Device/ST/STM32F1xx/Include -I../Drivers/CMSIS/Include -O0 -ffunction-sections -fdata-sections -Wall -fstack-usage -MMD -MP -MF"Drivers/STM32F1xx_HAL_Driver/Src/stm32f1xx_hal_flash.d" -MT"Drivers/STM32F1xx_HAL_Driver/Src/stm32f1xx_hal_flash.o" --specs=nano.specs -mfloat-abi=soft -mthumb -o "Drivers/STM32F1xx_HAL_Driver/Src/stm32f1xx_hal_flash.o"
arm-none-eabi-gcc "../Drivers/STM32F1xx_HAL_Driver/Src/stm32f1xx_hal_flash_ex.c" -mcpu=cortex-m3 -std=gnu11 -g3 -DDEBUG -DUSE_HAL_DRIVER -DSTM32F103x6 -c -I../Core/Inc -I../Drivers/STM32F1xx_HAL_Driver/Inc -I../Drivers/STM32F1xx_HAL_Driver/Inc/Legacy -I../Drivers/CMSIS/Device/ST/STM32F1xx/Include -I../Drivers/CMSIS/Include -O0 -ffunction-sections -fdata-sections -Wall -fstack-usage -MMD -MP -MF"Drivers/STM32F1xx_HAL_Driver/Src/stm32f1xx_hal_flash_ex.d" -MT"Drivers/STM32F1xx_HAL_Driver/Src/stm32f1xx_hal_flash_ex.o" --specs=nano.specs -mfloat-abi=soft -mthumb -o "Drivers/STM32F1xx_HAL_Driver/Src/stm32f1xx_hal_flash_ex.o"
arm-none-eabi-gcc "../Drivers/STM32F1xx_HAL_Driver/Src/stm32f1xx_hal_gpio.c" -mcpu=cortex-m3 -std=gnu11 -g3 -DDEBUG -DUSE_HAL_DRIVER -DSTM32F103x6 -c -I../Core/Inc -I../Drivers/STM32F1xx_HAL_Driver/Inc -I../Drivers/STM32F1xx_HAL_Driver/Inc/Legacy -I../Drivers/CMSIS/Device/ST/STM32F1xx/Include -I../Drivers/CMSIS/Include -O0 -ffunction-sections -fdata-sections -Wall -fstack-usage -MMD -MP -MF"Drivers/STM32F1xx_HAL_Driver/Src/stm32f1xx_hal_gpio.d" -MT"Drivers/STM32F1xx_HAL_Driver/Src/stm32f1xx_hal_gpio.o" --specs=nano.specs -mfloat-abi=soft -mthumb -o "Drivers/STM32F1xx_HAL_Driver/Src/stm32f1xx_hal_gpio.o"
arm-none-eabi-gcc "../Drivers/STM32F1xx_HAL_Driver/Src/stm32f1xx_hal_gpio_ex.c" -mcpu=cortex-m3 -std=gnu11 -g3 -DDEBUG -DUSE_HAL_DRIVER -DSTM32F103x6 -c -I../Core/Inc -I../Drivers/STM32F1xx_HAL_Driver/Inc -I../Drivers/STM32F1xx_HAL_Driver/Inc/Legacy -I../Drivers/CMSIS/Device/ST/STM32F1xx/Include -I../Drivers/CMSIS/Include -O0 -ffunction-sections -fdata-sections -Wall -fstack-usage -MMD -MP -MF"Drivers/STM32F1xx_HAL_Driver/Src/stm32f1xx_hal_gpio_ex.d" -MT"Drivers/STM32F1xx_HAL_Driver/Src/stm32f1xx_hal_gpio_ex.o" --specs=nano.specs -mfloat-abi=soft -mthumb -o "Drivers/STM32F1xx_HAL_Driver/Src/stm32f1xx_hal_gpio_ex.o"
arm-none-eabi-gcc "../Drivers/STM32F1xx_HAL_Driver/Src/stm32f1xx_hal_pwr.c" -mcpu=cortex-m3 -std=gnu11 -g3 -DDEBUG -DUSE_HAL_DRIVER -DSTM32F103x6 -c -I../Core/Inc -I../Drivers/STM32F1xx_HAL_Driver/Inc -I../Drivers/STM32F1xx_HAL_Driver/Inc/Legacy -I../Drivers/CMSIS/Device/ST/STM32F1xx/Include -I../Drivers/CMSIS/Include -O0 -ffunction-sections -fdata-sections -Wall -fstack-usage -MMD -MP -MF"Drivers/STM32F1xx_HAL_Driver/Src/stm32f1xx_hal_pwr.d" -MT"Drivers/STM32F1xx_HAL_Driver/Src/stm32f1xx_hal_pwr.o" --specs=nano.specs -mfloat-abi=soft -mthumb -o "Drivers/STM32F1xx_HAL_Driver/Src/stm32f1xx_hal_pwr.o"
arm-none-eabi-gcc "../Drivers/STM32F1xx_HAL_Driver/Src/stm32f1xx_hal_rcc.c" -mcpu=cortex-m3 -std=gnu11 -g3 -DDEBUG -DUSE_HAL_DRIVER -DSTM32F103x6 -c -I../Core/Inc -I../Drivers/STM32F1xx_HAL_Driver/Inc -I../Drivers/STM32F1xx_HAL_Driver/Inc/Legacy -I../Drivers/CMSIS/Device/ST/STM32F1xx/Include -I../Drivers/CMSIS/Include -O0 -ffunction-sections -fdata-sections -Wall -fstack-usage -MMD -MP -MF"Drivers/STM32F1xx_HAL_Driver/Src/stm32f1xx_hal_rcc.d" -MT"Drivers/STM32F1xx_HAL_Driver/Src/stm32f1xx_hal_rcc.o" --specs=nano.specs -mfloat-abi=soft -mthumb -o "Drivers/STM32F1xx_HAL_Driver/Src/stm32f1xx_hal_rcc.o"
arm-none-eabi-gcc "../Drivers/STM32F1xx_HAL_Driver/Src/stm32f1xx_hal_rcc_ex.c" -mcpu=cortex-m3 -std=gnu11 -g3 -DDEBUG -DUSE_HAL_DRIVER -DSTM32F103x6 -c -I../Core/Inc -I../Drivers/STM32F1xx_HAL_Driver/Inc -I../Drivers/STM32F1xx_HAL_Driver/Inc/Legacy -I../Drivers/CMSIS/Device/ST/STM32F1xx/Include -I../Drivers/CMSIS/Include -O0 -ffunction-sections -fdata-sections -Wall -fstack-usage -MMD -MP -MF"Drivers/STM32F1xx_HAL_Driver/Src/stm32f1xx_hal_rcc_ex.d" -MT"Drivers/STM32F1xx_HAL_Driver/Src/stm32f1xx_hal_rcc_ex.o" --specs=nano.specs -mfloat-abi=soft -mthumb -o "Drivers/STM32F1xx_HAL_Driver/Src/stm32f1xx_hal_rcc_ex.o"
arm-none-eabi-gcc "../Drivers/STM32F1xx_HAL_Driver/Src/stm32f1xx_hal_tim.c" -mcpu=cortex-m3 -std=gnu11 -g3 -DDEBUG -DUSE_HAL_DRIVER -DSTM32F103x6 -c -I../Core/Inc -I../Drivers/STM32F1xx_HAL_Driver/Inc -I../Drivers/STM32F1xx_HAL_Driver/Inc/Legacy -I../Drivers/CMSIS/Device/ST/STM32F1xx/Include -I../Drivers/CMSIS/Include -O0 -ffunction-sections -fdata-sections -Wall -fstack-usage -MMD -MP -MF"Drivers/STM32F1xx_HAL_Driver/Src/stm32f1xx_hal_tim.d" -MT"Drivers/STM32F1xx_HAL_Driver/Src/stm32f1xx_hal_tim.o" --specs=nano.specs -mfloat-abi=soft -mthumb -o "Drivers/STM32F1xx_HAL_Driver/Src/stm32f1xx_hal_tim.o"
arm-none-eabi-gcc "../Drivers/STM32F1xx_HAL_Driver/Src/stm32f1xx_hal_tim_ex.c" -mcpu=cortex-m3 -std=gnu11 -g3 -DDEBUG -DUSE_HAL_DRIVER -DSTM32F103x6 -c -I../Core/Inc -I../Drivers/STM32F1xx_HAL_Driver/Inc -I../Drivers/STM32F1xx_HAL_Driver/Inc/Legacy -I../Drivers/CMSIS/Device/ST/STM32F1xx/Include -I../Drivers/CMSIS/Include -O0 -ffunction-sections -fdata-sections -Wall -fstack-usage -MMD -MP -MF"Drivers/STM32F1xx_HAL_Driver/Src/stm32f1xx_hal_tim_ex.d" -MT"Drivers/STM32F1xx_HAL_Driver/Src/stm32f1xx_hal_tim_ex.o" --specs=nano.specs -mfloat-abi=soft -mthumb -o "Drivers/STM32F1xx_HAL_Driver/Src/stm32f1xx_hal_tim_ex.o"
arm-none-eabi-gcc "../Core/Src/main.c" -mcpu=cortex-m3 -std=gnu11 -g3 -DDEBUG -DUSE_HAL_DRIVER -DSTM32F103x6 -c -I../Core/Inc -I../Drivers/STM32F1xx_HAL_Driver/Inc -I../Drivers/STM32F1xx_HAL_Driver/Inc/Legacy -I../Drivers/CMSIS/Device/ST/STM32F1xx/Include -I../Drivers/CMSIS/Include -O0 -ffunction-sections -fdata-sections -Wall -fstack-usage -MMD -MP -MF"Core/Src/main.d" -MT"Core/Src/main.o" --specs=nano.specs -mfloat-abi=soft -mthumb -o "Core/Src/main.o"
arm-none-eabi-gcc "../Core/Src/stm32f1xx_hal_msp.c" -mcpu=cortex-m3 -std=gnu11 -g3 -DDEBUG -DUSE_HAL_DRIVER -DSTM32F103x6 -c -I../Core/Inc -I../Drivers/STM32F1xx_HAL_Driver/Inc -I../Drivers/STM32F1xx_HAL_Driver/Inc/Legacy -I../Drivers/CMSIS/Device/ST/STM32F1xx/Include -I../Drivers/CMSIS/Include -O0 -ffunction-sections -fdata-sections -Wall -fstack-usage -MMD -MP -MF"Core/Src/stm32f1xx_hal_msp.d" -MT"Core/Src/stm32f1xx_hal_msp.o" --specs=nano.specs -mfloat-abi=soft -mthumb -o "Core/Src/stm32f1xx_hal_msp.o"
arm-none-eabi-gcc "../Core/Src/stm32f1xx_it.c" -mcpu=cortex-m3 -std=gnu11 -g3 -DDEBUG -DUSE_HAL_DRIVER -DSTM32F103x6 -c -I../Core/Inc -I../Drivers/STM32F1xx_HAL_Driver/Inc -I../Drivers/STM32F1xx_HAL_Driver/Inc/Legacy -I../Drivers/CMSIS/Device/ST/STM32F1xx/Include -I../Drivers/CMSIS/Include -O0 -ffunction-sections -fdata-sections -Wall -fstack-usage -MMD -MP -MF"Core/Src/stm32f1xx_it.d" -MT"Core/Src/stm32f1xx_it.o" --specs=nano.specs -mfloat-abi=soft -mthumb -o "Core/Src/stm32f1xx_it.o"
../Core/Src/main.c: In function 'HAL_TIM_PeriodElapsedCallback':
../Core/Src/main.c:226:2: warning: implicit declaration of function 'timerRun' [-Wimplicit-function-declaration]
  226 |  timerRun();
      |  ^~~~~~~~
arm-none-eabi-gcc "../Core/Src/system_stm32f1xx.c" -mcpu=cortex-m3 -std=gnu11 -g3 -DDEBUG -DUSE_HAL_DRIVER -DSTM32F103x6 -c -I../Core/Inc -I../Drivers/STM32F1xx_HAL_Driver/Inc -I../Drivers/STM32F1xx_HAL_Driver/Inc/Legacy -I../Drivers/CMSIS/Device/ST/STM32F1xx/Include -I../Drivers/CMSIS/Include -O0 -ffunction-sections -fdata-sections -Wall -fstack-usage -MMD -MP -MF"Core/Src/system_stm32f1xx.d" -MT"Core/Src/system_stm32f1xx.o" --specs=nano.specs -mfloat-abi=soft -mthumb -o "Core/Src/system_stm32f1xx.o"
arm-none-eabi-gcc -o "STM32_Lab2.elf" @"objects.list"   -mcpu=cortex-m3 -T"C:\Users\itzic\Desktop\baitapxaml\VXL\Git_Lab2\STM32_code\STM32_Lab2\STM32F103C6UX_FLASH.ld" --specs=nosys.specs -Wl,-Map="STM32_Lab2.map" -Wl,--gc-sections -static --specs=nano.specs -mfloat-abi=soft -mthumb -Wl,--start-group -lc -lm -Wl,--end-group
Finished building target: STM32_Lab2.elf
 
arm-none-eabi-size   STM32_Lab2.elf 
arm-none-eabi-objdump -h -S  STM32_Lab2.elf  > "STM32_Lab2.list"
arm-none-eabi-objcopy  -O binary  STM32_Lab2.elf  "STM32_Lab2.bin"
   text	   data	    bss	    dec	    hex	filename
   6884	     20	   1652	   8556	   216c	STM32_Lab2.elf
Finished building: default.size.stdout
 
Finished building: STM32_Lab2.bin
Finished building: STM32_Lab2.list
 
 
16:46:10 **** Incremental Build of configuration Debug for project STM32_Lab2 ****
make -j16 all 
arm-none-eabi-gcc "../Core/Src/main.c" -mcpu=cortex-m3 -std=gnu11 -g3 -DDEBUG -DUSE_HAL_DRIVER -DSTM32F103x6 -c -I../Core/Inc -I../Drivers/STM32F1xx_HAL_Driver/Inc -I../Drivers/STM32F1xx_HAL_Driver/Inc/Legacy -I../Drivers/CMSIS/Device/ST/STM32F1xx/Include -I../Drivers/CMSIS/Include -O0 -ffunction-sections -fdata-sections -Wall -fstack-usage -MMD -MP -MF"Core/Src/main.d" -MT"Core/Src/main.o" --specs=nano.specs -mfloat-abi=soft -mthumb -o "Core/Src/main.o"
../Core/Src/main.c: In function 'HAL_TIM_PeriodElapsedCallback':
../Core/Src/main.c:226:2: warning: implicit declaration of function 'timerRun'; did you mean 'timerRun1'? [-Wimplicit-function-declaration]
  226 |  timerRun();
      |  ^~~~~~~~
      |  timerRun1
arm-none-eabi-gcc -o "STM32_Lab2.elf" @"objects.list"   -mcpu=cortex-m3 -T"C:\Users\itzic\Desktop\baitapxaml\VXL\Git_Lab2\STM32_code\STM32_Lab2\STM32F103C6UX_FLASH.ld" --specs=nosys.specs -Wl,-Map="STM32_Lab2.map" -Wl,--gc-sections -static --specs=nano.specs -mfloat-abi=soft -mthumb -Wl,--start-group -lc -lm -Wl,--end-group
Finished building target: STM32_Lab2.elf
 
arm-none-eabi-size   STM32_Lab2.elf 
arm-none-eabi-objdump -h -S  STM32_Lab2.elf  > "STM32_Lab2.list"
arm-none-eabi-objcopy  -O binary  STM32_Lab2.elf  "STM32_Lab2.bin"
   text	   data	    bss	    dec	    hex	filename
   6884	     20	   1652	   8556	   216c	STM32_Lab2.elf
Finished building: default.size.stdout
 
Finished building: STM32_Lab2.bin
Finished building: STM32_Lab2.list
 
 
16:46:32 **** Incremental Build of configuration Debug for project STM32_Lab2 ****
make -j16 all 
arm-none-eabi-gcc "../Core/Src/main.c" -mcpu=cortex-m3 -std=gnu11 -g3 -DDEBUG -DUSE_HAL_DRIVER -DSTM32F103x6 -c -I../Core/Inc -I../Drivers/STM32F1xx_HAL_Driver/Inc -I../Drivers/STM32F1xx_HAL_Driver/Inc/Legacy -I../Drivers/CMSIS/Device/ST/STM32F1xx/Include -I../Drivers/CMSIS/Include -O0 -ffunction-sections -fdata-sections -Wall -fstack-usage -MMD -MP -MF"Core/Src/main.d" -MT"Core/Src/main.o" --specs=nano.specs -mfloat-abi=soft -mthumb -o "Core/Src/main.o"
arm-none-eabi-gcc "../Core/Src/software_timer.c" -mcpu=cortex-m3 -std=gnu11 -g3 -DDEBUG -DUSE_HAL_DRIVER -DSTM32F103x6 -c -I../Core/Inc -I../Drivers/STM32F1xx_HAL_Driver/Inc -I../Drivers/STM32F1xx_HAL_Driver/Inc/Legacy -I../Drivers/CMSIS/Device/ST/STM32F1xx/Include -I../Drivers/CMSIS/Include -O0 -ffunction-sections -fdata-sections -Wall -fstack-usage -MMD -MP -MF"Core/Src/software_timer.d" -MT"Core/Src/software_timer.o" --specs=nano.specs -mfloat-abi=soft -mthumb -o "Core/Src/software_timer.o"
arm-none-eabi-gcc -o "STM32_Lab2.elf" @"objects.list"   -mcpu=cortex-m3 -T"C:\Users\itzic\Desktop\baitapxaml\VXL\Git_Lab2\STM32_code\STM32_Lab2\STM32F103C6UX_FLASH.ld" --specs=nosys.specs -Wl,-Map="STM32_Lab2.map" -Wl,--gc-sections -static --specs=nano.specs -mfloat-abi=soft -mthumb -Wl,--start-group -lc -lm -Wl,--end-group
Finished building target: STM32_Lab2.elf
 
arm-none-eabi-size   STM32_Lab2.elf 
arm-none-eabi-objdump -h -S  STM32_Lab2.elf  > "STM32_Lab2.list"
arm-none-eabi-objcopy  -O binary  STM32_Lab2.elf  "STM32_Lab2.bin"
   text	   data	    bss	    dec	    hex	filename
   6884	     20	   1652	   8556	   216c	STM32_Lab2.elf
Finished building: default.size.stdout
 
Finished building: STM32_Lab2.bin
 
Finished building: STM32_Lab2.list
 
16:48:25 **** Incremental Build of configuration Debug for project STM32_Lab2 ****
make -j16 all 
arm-none-eabi-gcc "../Core/Src/main.c" -mcpu=cortex-m3 -std=gnu11 -g3 -DDEBUG -DUSE_HAL_DRIVER -DSTM32F103x6 -c -I../Core/Inc -I../Drivers/STM32F1xx_HAL_Driver/Inc -I../Drivers/STM32F1xx_HAL_Driver/Inc/Legacy -I../Drivers/CMSIS/Device/ST/STM32F1xx/Include -I../Drivers/CMSIS/Include -O0 -ffunction-sections -fdata-sections -Wall -fstack-usage -MMD -MP -MF"Core/Src/main.d" -MT"Core/Src/main.o" --specs=nano.specs -mfloat-abi=soft -mthumb -o "Core/Src/main.o"
arm-none-eabi-gcc -o "STM32_Lab2.elf" @"objects.list"   -mcpu=cortex-m3 -T"C:\Users\itzic\Desktop\baitapxaml\VXL\Git_Lab2\STM32_code\STM32_Lab2\STM32F103C6UX_FLASH.ld" --specs=nosys.specs -Wl,-Map="STM32_Lab2.map" -Wl,--gc-sections -static --specs=nano.specs -mfloat-abi=soft -mthumb -Wl,--start-group -lc -lm -Wl,--end-group
Finished building target: STM32_Lab2.elf
 
arm-none-eabi-size   STM32_Lab2.elf 
arm-none-eabi-objdump -h -S  STM32_Lab2.elf  > "STM32_Lab2.list"
arm-none-eabi-objcopy  -O binary  STM32_Lab2.elf  "STM32_Lab2.bin"
   text	   data	    bss	    dec	    hex	filename
   7012	     20	   1652	   8684	   21ec	STM32_Lab2.elf
Finished building: default.size.stdout
 
Finished building: STM32_Lab2.bin
 
Finished building: STM32_Lab2.list
 
16:49:28 **** Incremental Build of configuration Debug for project STM32_Lab2 ****
make -j16 all 
arm-none-eabi-gcc -o "STM32_Lab2.elf" @"objects.list"   -mcpu=cortex-m3 -T"C:\Users\itzic\Desktop\baitapxaml\VXL\Git_Lab2\STM32_code\STM32_Lab2\STM32F103C6UX_FLASH.ld" --specs=nosys.specs -Wl,-Map="STM32_Lab2.map" -Wl,--gc-sections -static --specs=nano.specs -mfloat-abi=soft -mthumb -Wl,--start-group -lc -lm -Wl,--end-group
Finished building target: STM32_Lab2.elf
 
arm-none-eabi-size   STM32_Lab2.elf 
arm-none-eabi-objdump -h -S  STM32_Lab2.elf  > "STM32_Lab2.list"
arm-none-eabi-objcopy  -O ihex  STM32_Lab2.elf  "STM32_Lab2.hex"
   text	   data	    bss	    dec	    hex	filename
   7012	     20	   1652	   8684	   21ec	STM32_Lab2.elf
arm-none-eabi-objcopy  -O binary  STM32_Lab2.elf  "STM32_Lab2.bin"
Finished building: default.size.stdout
 
Finished building: STM32_Lab2.hex
Finished building: STM32_Lab2.bin
 
 
Finished building: STM32_Lab2.list
 
16:52:27 **** Incremental Build of configuration Debug for project STM32_Lab2 ****
make -j16 all 
arm-none-eabi-gcc "../Core/Src/main.c" -mcpu=cortex-m3 -std=gnu11 -g3 -DDEBUG -DUSE_HAL_DRIVER -DSTM32F103x6 -c -I../Core/Inc -I../Drivers/STM32F1xx_HAL_Driver/Inc -I../Drivers/STM32F1xx_HAL_Driver/Inc/Legacy -I../Drivers/CMSIS/Device/ST/STM32F1xx/Include -I../Drivers/CMSIS/Include -O0 -ffunction-sections -fdata-sections -Wall -fstack-usage -MMD -MP -MF"Core/Src/main.d" -MT"Core/Src/main.o" --specs=nano.specs -mfloat-abi=soft -mthumb -o "Core/Src/main.o"
arm-none-eabi-gcc -o "STM32_Lab2.elf" @"objects.list"   -mcpu=cortex-m3 -T"C:\Users\itzic\Desktop\baitapxaml\VXL\Git_Lab2\STM32_code\STM32_Lab2\STM32F103C6UX_FLASH.ld" --specs=nosys.specs -Wl,-Map="STM32_Lab2.map" -Wl,--gc-sections -static --specs=nano.specs -mfloat-abi=soft -mthumb -Wl,--start-group -lc -lm -Wl,--end-group
Finished building target: STM32_Lab2.elf
 
arm-none-eabi-size   STM32_Lab2.elf 
arm-none-eabi-objdump -h -S  STM32_Lab2.elf  > "STM32_Lab2.list"
arm-none-eabi-objcopy  -O ihex  STM32_Lab2.elf  "STM32_Lab2.hex"
   text	   data	    bss	    dec	    hex	filename
   7012	     20	   1652	   8684	   21ec	STM32_Lab2.elf
arm-none-eabi-objcopy  -O binary  STM32_Lab2.elf  "STM32_Lab2.bin"
Finished building: default.size.stdout
 
Finished building: STM32_Lab2.hex
Finished building: STM32_Lab2.bin
 
 
Finished building: STM32_Lab2.list
 
16:57:40 **** Incremental Build of configuration Debug for project STM32_Lab2 ****
make -j16 all 
arm-none-eabi-gcc "../Core/Src/main.c" -mcpu=cortex-m3 -std=gnu11 -g3 -DDEBUG -DUSE_HAL_DRIVER -DSTM32F103x6 -c -I../Core/Inc -I../Drivers/STM32F1xx_HAL_Driver/Inc -I../Drivers/STM32F1xx_HAL_Driver/Inc/Legacy -I../Drivers/CMSIS/Device/ST/STM32F1xx/Include -I../Drivers/CMSIS/Include -O0 -ffunction-sections -fdata-sections -Wall -fstack-usage -MMD -MP -MF"Core/Src/main.d" -MT"Core/Src/main.o" --specs=nano.specs -mfloat-abi=soft -mthumb -o "Core/Src/main.o"
arm-none-eabi-gcc "../Core/Src/software_timer.c" -mcpu=cortex-m3 -std=gnu11 -g3 -DDEBUG -DUSE_HAL_DRIVER -DSTM32F103x6 -c -I../Core/Inc -I../Drivers/STM32F1xx_HAL_Driver/Inc -I../Drivers/STM32F1xx_HAL_Driver/Inc/Legacy -I../Drivers/CMSIS/Device/ST/STM32F1xx/Include -I../Drivers/CMSIS/Include -O0 -ffunction-sections -fdata-sections -Wall -fstack-usage -MMD -MP -MF"Core/Src/software_timer.d" -MT"Core/Src/software_timer.o" --specs=nano.specs -mfloat-abi=soft -mthumb -o "Core/Src/software_timer.o"
arm-none-eabi-gcc -o "STM32_Lab2.elf" @"objects.list"   -mcpu=cortex-m3 -T"C:\Users\itzic\Desktop\baitapxaml\VXL\Git_Lab2\STM32_code\STM32_Lab2\STM32F103C6UX_FLASH.ld" --specs=nosys.specs -Wl,-Map="STM32_Lab2.map" -Wl,--gc-sections -static --specs=nano.specs -mfloat-abi=soft -mthumb -Wl,--start-group -lc -lm -Wl,--end-group
Finished building target: STM32_Lab2.elf
 
arm-none-eabi-size   STM32_Lab2.elf 
arm-none-eabi-objdump -h -S  STM32_Lab2.elf  > "STM32_Lab2.list"
arm-none-eabi-objcopy  -O ihex  STM32_Lab2.elf  "STM32_Lab2.hex"
   text	   data	    bss	    dec	    hex	filename
   7916	     20	   1660	   9596	   257c	STM32_Lab2.elf
arm-none-eabi-objcopy  -O binary  STM32_Lab2.elf  "STM32_Lab2.bin"
Finished building: default.size.stdout
 
Finished building: STM32_Lab2.hex
Finished building: STM32_Lab2.bin
 
 
Finished building: STM32_Lab2.list
 
16:58:08 **** Incremental Build of configuration Debug for project STM32_Lab2 ****
make -j16 all 
arm-none-eabi-gcc "../Core/Src/main.c" -mcpu=cortex-m3 -std=gnu11 -g3 -DDEBUG -DUSE_HAL_DRIVER -DSTM32F103x6 -c -I../Core/Inc -I../Drivers/STM32F1xx_HAL_Driver/Inc -I../Drivers/STM32F1xx_HAL_Driver/Inc/Legacy -I../Drivers/CMSIS/Device/ST/STM32F1xx/Include -I../Drivers/CMSIS/Include -O0 -ffunction-sections -fdata-sections -Wall -fstack-usage -MMD -MP -MF"Core/Src/main.d" -MT"Core/Src/main.o" --specs=nano.specs -mfloat-abi=soft -mthumb -o "Core/Src/main.o"
../Core/Src/main.c: In function 'main':
../Core/Src/main.c:198:5: error: too many arguments to function 'HAL_GPIO_TogglePin'
  198 |     HAL_GPIO_TogglePin(EN0_GPIO_Port, EN0_Pin, 0);
      |     ^~~~~~~~~~~~~~~~~~
In file included from ../Core/Inc/stm32f1xx_hal_conf.h:241,
                 from ../Drivers/STM32F1xx_HAL_Driver/Inc/stm32f1xx_hal.h:29,
                 from ../Core/Inc/main.h:31,
                 from ../Core/Src/main.c:21:
../Drivers/STM32F1xx_HAL_Driver/Inc/stm32f1xx_hal_gpio.h:235:6: note: declared here
  235 | void HAL_GPIO_TogglePin(GPIO_TypeDef *GPIOx, uint16_t GPIO_Pin);
      |      ^~~~~~~~~~~~~~~~~~
../Core/Src/main.c:204:5: error: too many arguments to function 'HAL_GPIO_TogglePin'
  204 |     HAL_GPIO_TogglePin(EN0_GPIO_Port, EN0_Pin, 0);
      |     ^~~~~~~~~~~~~~~~~~
In file included from ../Core/Inc/stm32f1xx_hal_conf.h:241,
                 from ../Drivers/STM32F1xx_HAL_Driver/Inc/stm32f1xx_hal.h:29,
                 from ../Core/Inc/main.h:31,
                 from ../Core/Src/main.c:21:
../Drivers/STM32F1xx_HAL_Driver/Inc/stm32f1xx_hal_gpio.h:235:6: note: declared here
  235 | void HAL_GPIO_TogglePin(GPIO_TypeDef *GPIOx, uint16_t GPIO_Pin);
      |      ^~~~~~~~~~~~~~~~~~
make: *** [Core/Src/subdir.mk:37: Core/Src/main.o] Error 1
"make -j16 all" terminated with exit code 2. Build might be incomplete.
16:58:15 **** Incremental Build of configuration Debug for project STM32_Lab2 ****
make -j16 all 
arm-none-eabi-gcc "../Core/Src/main.c" -mcpu=cortex-m3 -std=gnu11 -g3 -DDEBUG -DUSE_HAL_DRIVER -DSTM32F103x6 -c -I../Core/Inc -I../Drivers/STM32F1xx_HAL_Driver/Inc -I../Drivers/STM32F1xx_HAL_Driver/Inc/Legacy -I../Drivers/CMSIS/Device/ST/STM32F1xx/Include -I../Drivers/CMSIS/Include -O0 -ffunction-sections -fdata-sections -Wall -fstack-usage -MMD -MP -MF"Core/Src/main.d" -MT"Core/Src/main.o" --specs=nano.specs -mfloat-abi=soft -mthumb -o "Core/Src/main.o"
arm-none-eabi-gcc -o "STM32_Lab2.elf" @"objects.list"   -mcpu=cortex-m3 -T"C:\Users\itzic\Desktop\baitapxaml\VXL\Git_Lab2\STM32_code\STM32_Lab2\STM32F103C6UX_FLASH.ld" --specs=nosys.specs -Wl,-Map="STM32_Lab2.map" -Wl,--gc-sections -static --specs=nano.specs -mfloat-abi=soft -mthumb -Wl,--start-group -lc -lm -Wl,--end-group
Finished building target: STM32_Lab2.elf
 
arm-none-eabi-size   STM32_Lab2.elf 
arm-none-eabi-objdump -h -S  STM32_Lab2.elf  > "STM32_Lab2.list"
arm-none-eabi-objcopy  -O ihex  STM32_Lab2.elf  "STM32_Lab2.hex"
   text	   data	    bss	    dec	    hex	filename
   7964	     20	   1660	   9644	   25ac	STM32_Lab2.elf
arm-none-eabi-objcopy  -O binary  STM32_Lab2.elf  "STM32_Lab2.bin"
Finished building: default.size.stdout
 
Finished building: STM32_Lab2.hex
Finished building: STM32_Lab2.bin
 
 
Finished building: STM32_Lab2.list
 
16:58:41 **** Incremental Build of configuration Debug for project STM32_Lab2 ****
make -j16 all 
arm-none-eabi-gcc "../Core/Src/main.c" -mcpu=cortex-m3 -std=gnu11 -g3 -DDEBUG -DUSE_HAL_DRIVER -DSTM32F103x6 -c -I../Core/Inc -I../Drivers/STM32F1xx_HAL_Driver/Inc -I../Drivers/STM32F1xx_HAL_Driver/Inc/Legacy -I../Drivers/CMSIS/Device/ST/STM32F1xx/Include -I../Drivers/CMSIS/Include -O0 -ffunction-sections -fdata-sections -Wall -fstack-usage -MMD -MP -MF"Core/Src/main.d" -MT"Core/Src/main.o" --specs=nano.specs -mfloat-abi=soft -mthumb -o "Core/Src/main.o"
arm-none-eabi-gcc -o "STM32_Lab2.elf" @"objects.list"   -mcpu=cortex-m3 -T"C:\Users\itzic\Desktop\baitapxaml\VXL\Git_Lab2\STM32_code\STM32_Lab2\STM32F103C6UX_FLASH.ld" --specs=nosys.specs -Wl,-Map="STM32_Lab2.map" -Wl,--gc-sections -static --specs=nano.specs -mfloat-abi=soft -mthumb -Wl,--start-group -lc -lm -Wl,--end-group
Finished building target: STM32_Lab2.elf
 
arm-none-eabi-size   STM32_Lab2.elf 
arm-none-eabi-objdump -h -S  STM32_Lab2.elf  > "STM32_Lab2.list"
arm-none-eabi-objcopy  -O ihex  STM32_Lab2.elf  "STM32_Lab2.hex"
   text	   data	    bss	    dec	    hex	filename
   7968	     20	   1660	   9648	   25b0	STM32_Lab2.elf
arm-none-eabi-objcopy  -O binary  STM32_Lab2.elf  "STM32_Lab2.bin"
Finished building: default.size.stdout
 
Finished building: STM32_Lab2.hex
 
Finished building: STM32_Lab2.bin
Finished building: STM32_Lab2.list
 
 
16:58:58 **** Incremental Build of configuration Debug for project STM32_Lab2 ****
make -j16 all 
arm-none-eabi-gcc "../Core/Src/main.c" -mcpu=cortex-m3 -std=gnu11 -g3 -DDEBUG -DUSE_HAL_DRIVER -DSTM32F103x6 -c -I../Core/Inc -I../Drivers/STM32F1xx_HAL_Driver/Inc -I../Drivers/STM32F1xx_HAL_Driver/Inc/Legacy -I../Drivers/CMSIS/Device/ST/STM32F1xx/Include -I../Drivers/CMSIS/Include -O0 -ffunction-sections -fdata-sections -Wall -fstack-usage -MMD -MP -MF"Core/Src/main.d" -MT"Core/Src/main.o" --specs=nano.specs -mfloat-abi=soft -mthumb -o "Core/Src/main.o"
arm-none-eabi-gcc -o "STM32_Lab2.elf" @"objects.list"   -mcpu=cortex-m3 -T"C:\Users\itzic\Desktop\baitapxaml\VXL\Git_Lab2\STM32_code\STM32_Lab2\STM32F103C6UX_FLASH.ld" --specs=nosys.specs -Wl,-Map="STM32_Lab2.map" -Wl,--gc-sections -static --specs=nano.specs -mfloat-abi=soft -mthumb -Wl,--start-group -lc -lm -Wl,--end-group
Finished building target: STM32_Lab2.elf
 
arm-none-eabi-size   STM32_Lab2.elf 
arm-none-eabi-objdump -h -S  STM32_Lab2.elf  > "STM32_Lab2.list"
arm-none-eabi-objcopy  -O ihex  STM32_Lab2.elf  "STM32_Lab2.hex"
arm-none-eabi-objcopy  -O binary  STM32_Lab2.elf  "STM32_Lab2.bin"
   text	   data	    bss	    dec	    hex	filename
   7968	     20	   1660	   9648	   25b0	STM32_Lab2.elf
Finished building: default.size.stdout
 
Finished building: STM32_Lab2.hex
Finished building: STM32_Lab2.bin
Finished building: STM32_Lab2.list
 
 
 
16:59:26 **** Incremental Build of configuration Debug for project STM32_Lab2 ****
make -j16 all 
arm-none-eabi-gcc "../Core/Src/main.c" -mcpu=cortex-m3 -std=gnu11 -g3 -DDEBUG -DUSE_HAL_DRIVER -DSTM32F103x6 -c -I../Core/Inc -I../Drivers/STM32F1xx_HAL_Driver/Inc -I../Drivers/STM32F1xx_HAL_Driver/Inc/Legacy -I../Drivers/CMSIS/Device/ST/STM32F1xx/Include -I../Drivers/CMSIS/Include -O0 -ffunction-sections -fdata-sections -Wall -fstack-usage -MMD -MP -MF"Core/Src/main.d" -MT"Core/Src/main.o" --specs=nano.specs -mfloat-abi=soft -mthumb -o "Core/Src/main.o"
arm-none-eabi-gcc -o "STM32_Lab2.elf" @"objects.list"   -mcpu=cortex-m3 -T"C:\Users\itzic\Desktop\baitapxaml\VXL\Git_Lab2\STM32_code\STM32_Lab2\STM32F103C6UX_FLASH.ld" --specs=nosys.specs -Wl,-Map="STM32_Lab2.map" -Wl,--gc-sections -static --specs=nano.specs -mfloat-abi=soft -mthumb -Wl,--start-group -lc -lm -Wl,--end-group
Finished building target: STM32_Lab2.elf
 
arm-none-eabi-size   STM32_Lab2.elf 
arm-none-eabi-objdump -h -S  STM32_Lab2.elf  > "STM32_Lab2.list"
arm-none-eabi-objcopy  -O ihex  STM32_Lab2.elf  "STM32_Lab2.hex"
arm-none-eabi-objcopy  -O binary  STM32_Lab2.elf  "STM32_Lab2.bin"
   text	   data	    bss	    dec	    hex	filename
   7968	     20	   1660	   9648	   25b0	STM32_Lab2.elf
Finished building: default.size.stdout
 
Finished building: STM32_Lab2.hex
Finished building: STM32_Lab2.bin
 
 
Finished building: STM32_Lab2.list
 
17:00:13 **** Incremental Build of configuration Debug for project STM32_Lab2 ****
make -j16 all 
arm-none-eabi-gcc "../Core/Src/main.c" -mcpu=cortex-m3 -std=gnu11 -g3 -DDEBUG -DUSE_HAL_DRIVER -DSTM32F103x6 -c -I../Core/Inc -I../Drivers/STM32F1xx_HAL_Driver/Inc -I../Drivers/STM32F1xx_HAL_Driver/Inc/Legacy -I../Drivers/CMSIS/Device/ST/STM32F1xx/Include -I../Drivers/CMSIS/Include -O0 -ffunction-sections -fdata-sections -Wall -fstack-usage -MMD -MP -MF"Core/Src/main.d" -MT"Core/Src/main.o" --specs=nano.specs -mfloat-abi=soft -mthumb -o "Core/Src/main.o"
arm-none-eabi-gcc -o "STM32_Lab2.elf" @"objects.list"   -mcpu=cortex-m3 -T"C:\Users\itzic\Desktop\baitapxaml\VXL\Git_Lab2\STM32_code\STM32_Lab2\STM32F103C6UX_FLASH.ld" --specs=nosys.specs -Wl,-Map="STM32_Lab2.map" -Wl,--gc-sections -static --specs=nano.specs -mfloat-abi=soft -mthumb -Wl,--start-group -lc -lm -Wl,--end-group
Finished building target: STM32_Lab2.elf
 
arm-none-eabi-size   STM32_Lab2.elf 
arm-none-eabi-objdump -h -S  STM32_Lab2.elf  > "STM32_Lab2.list"
arm-none-eabi-objcopy  -O ihex  STM32_Lab2.elf  "STM32_Lab2.hex"
   text	   data	    bss	    dec	    hex	filename
   7968	     20	   1660	   9648	   25b0	STM32_Lab2.elf
arm-none-eabi-objcopy  -O binary  STM32_Lab2.elf  "STM32_Lab2.bin"
Finished building: default.size.stdout
 
Finished building: STM32_Lab2.hex
Finished building: STM32_Lab2.bin
 
 
Finished building: STM32_Lab2.list
 
17:06:14 **** Incremental Build of configuration Debug for project STM32_Lab2 ****
make -j16 all 
arm-none-eabi-gcc "../Core/Src/main.c" -mcpu=cortex-m3 -std=gnu11 -g3 -DDEBUG -DUSE_HAL_DRIVER -DSTM32F103x6 -c -I../Core/Inc -I../Drivers/STM32F1xx_HAL_Driver/Inc -I../Drivers/STM32F1xx_HAL_Driver/Inc/Legacy -I../Drivers/CMSIS/Device/ST/STM32F1xx/Include -I../Drivers/CMSIS/Include -O0 -ffunction-sections -fdata-sections -Wall -fstack-usage -MMD -MP -MF"Core/Src/main.d" -MT"Core/Src/main.o" --specs=nano.specs -mfloat-abi=soft -mthumb -o "Core/Src/main.o"
../Core/Src/main.c: In function 'main':
../Core/Src/main.c:195:3: error: expected ',' or ';' before 'while'
  195 |   while (1)
      |   ^~~~~
../Core/Src/main.c:194:5: warning: unused variable 'state' [-Wunused-variable]
  194 | int state=0
      |     ^~~~~
../Core/Src/main.c:193:5: warning: unused variable 'count2' [-Wunused-variable]
  193 | int count2=9;
      |     ^~~~~~
../Core/Src/main.c:192:5: warning: unused variable 'count1' [-Wunused-variable]
  192 | int count1=0;
      |     ^~~~~~
make: *** [Core/Src/subdir.mk:37: Core/Src/main.o] Error 1
"make -j16 all" terminated with exit code 2. Build might be incomplete.
17:06:26 **** Incremental Build of configuration Debug for project STM32_Lab2 ****
make -j16 all 
arm-none-eabi-gcc "../Core/Src/main.c" -mcpu=cortex-m3 -std=gnu11 -g3 -DDEBUG -DUSE_HAL_DRIVER -DSTM32F103x6 -c -I../Core/Inc -I../Drivers/STM32F1xx_HAL_Driver/Inc -I../Drivers/STM32F1xx_HAL_Driver/Inc/Legacy -I../Drivers/CMSIS/Device/ST/STM32F1xx/Include -I../Drivers/CMSIS/Include -O0 -ffunction-sections -fdata-sections -Wall -fstack-usage -MMD -MP -MF"Core/Src/main.d" -MT"Core/Src/main.o" --specs=nano.specs -mfloat-abi=soft -mthumb -o "Core/Src/main.o"
arm-none-eabi-gcc -o "STM32_Lab2.elf" @"objects.list"   -mcpu=cortex-m3 -T"C:\Users\itzic\Desktop\baitapxaml\VXL\Git_Lab2\STM32_code\STM32_Lab2\STM32F103C6UX_FLASH.ld" --specs=nosys.specs -Wl,-Map="STM32_Lab2.map" -Wl,--gc-sections -static --specs=nano.specs -mfloat-abi=soft -mthumb -Wl,--start-group -lc -lm -Wl,--end-group
Finished building target: STM32_Lab2.elf
 
arm-none-eabi-size   STM32_Lab2.elf 
arm-none-eabi-objdump -h -S  STM32_Lab2.elf  > "STM32_Lab2.list"
arm-none-eabi-objcopy  -O ihex  STM32_Lab2.elf  "STM32_Lab2.hex"
   text	   data	    bss	    dec	    hex	filename
   8004	     20	   1660	   9684	   25d4	STM32_Lab2.elf
arm-none-eabi-objcopy  -O binary  STM32_Lab2.elf  "STM32_Lab2.bin"
Finished building: default.size.stdout
 
Finished building: STM32_Lab2.bin
Finished building: STM32_Lab2.hex
Finished building: STM32_Lab2.list
 
 
 
17:07:11 **** Incremental Build of configuration Debug for project STM32_Lab2 ****
make -j16 all 
arm-none-eabi-gcc "../Core/Src/main.c" -mcpu=cortex-m3 -std=gnu11 -g3 -DDEBUG -DUSE_HAL_DRIVER -DSTM32F103x6 -c -I../Core/Inc -I../Drivers/STM32F1xx_HAL_Driver/Inc -I../Drivers/STM32F1xx_HAL_Driver/Inc/Legacy -I../Drivers/CMSIS/Device/ST/STM32F1xx/Include -I../Drivers/CMSIS/Include -O0 -ffunction-sections -fdata-sections -Wall -fstack-usage -MMD -MP -MF"Core/Src/main.d" -MT"Core/Src/main.o" --specs=nano.specs -mfloat-abi=soft -mthumb -o "Core/Src/main.o"
arm-none-eabi-gcc -o "STM32_Lab2.elf" @"objects.list"   -mcpu=cortex-m3 -T"C:\Users\itzic\Desktop\baitapxaml\VXL\Git_Lab2\STM32_code\STM32_Lab2\STM32F103C6UX_FLASH.ld" --specs=nosys.specs -Wl,-Map="STM32_Lab2.map" -Wl,--gc-sections -static --specs=nano.specs -mfloat-abi=soft -mthumb -Wl,--start-group -lc -lm -Wl,--end-group
Finished building target: STM32_Lab2.elf
 
arm-none-eabi-size   STM32_Lab2.elf 
arm-none-eabi-objdump -h -S  STM32_Lab2.elf  > "STM32_Lab2.list"
arm-none-eabi-objcopy  -O ihex  STM32_Lab2.elf  "STM32_Lab2.hex"
   text	   data	    bss	    dec	    hex	filename
   8004	     20	   1660	   9684	   25d4	STM32_Lab2.elf
arm-none-eabi-objcopy  -O binary  STM32_Lab2.elf  "STM32_Lab2.bin"
Finished building: default.size.stdout
 
Finished building: STM32_Lab2.hex
Finished building: STM32_Lab2.bin
Finished building: STM32_Lab2.list
 
 
 
17:07:15 **** Incremental Build of configuration Debug for project STM32_Lab2 ****
make -j16 all 
arm-none-eabi-gcc "../Core/Src/main.c" -mcpu=cortex-m3 -std=gnu11 -g3 -DDEBUG -DUSE_HAL_DRIVER -DSTM32F103x6 -c -I../Core/Inc -I../Drivers/STM32F1xx_HAL_Driver/Inc -I../Drivers/STM32F1xx_HAL_Driver/Inc/Legacy -I../Drivers/CMSIS/Device/ST/STM32F1xx/Include -I../Drivers/CMSIS/Include -O0 -ffunction-sections -fdata-sections -Wall -fstack-usage -MMD -MP -MF"Core/Src/main.d" -MT"Core/Src/main.o" --specs=nano.specs -mfloat-abi=soft -mthumb -o "Core/Src/main.o"
arm-none-eabi-gcc -o "STM32_Lab2.elf" @"objects.list"   -mcpu=cortex-m3 -T"C:\Users\itzic\Desktop\baitapxaml\VXL\Git_Lab2\STM32_code\STM32_Lab2\STM32F103C6UX_FLASH.ld" --specs=nosys.specs -Wl,-Map="STM32_Lab2.map" -Wl,--gc-sections -static --specs=nano.specs -mfloat-abi=soft -mthumb -Wl,--start-group -lc -lm -Wl,--end-group
Finished building target: STM32_Lab2.elf
 
arm-none-eabi-size   STM32_Lab2.elf 
arm-none-eabi-objdump -h -S  STM32_Lab2.elf  > "STM32_Lab2.list"
arm-none-eabi-objcopy  -O ihex  STM32_Lab2.elf  "STM32_Lab2.hex"
   text	   data	    bss	    dec	    hex	filename
   8004	     20	   1660	   9684	   25d4	STM32_Lab2.elf
arm-none-eabi-objcopy  -O binary  STM32_Lab2.elf  "STM32_Lab2.bin"
Finished building: default.size.stdout
 
Finished building: STM32_Lab2.hex
Finished building: STM32_Lab2.bin
Finished building: STM32_Lab2.list
 
 
 
17:12:26 **** Incremental Build of configuration Debug for project STM32_Lab2 ****
make -j16 all 
arm-none-eabi-gcc "../Core/Src/main.c" -mcpu=cortex-m3 -std=gnu11 -g3 -DDEBUG -DUSE_HAL_DRIVER -DSTM32F103x6 -c -I../Core/Inc -I../Drivers/STM32F1xx_HAL_Driver/Inc -I../Drivers/STM32F1xx_HAL_Driver/Inc/Legacy -I../Drivers/CMSIS/Device/ST/STM32F1xx/Include -I../Drivers/CMSIS/Include -O0 -ffunction-sections -fdata-sections -Wall -fstack-usage -MMD -MP -MF"Core/Src/main.d" -MT"Core/Src/main.o" --specs=nano.specs -mfloat-abi=soft -mthumb -o "Core/Src/main.o"
../Core/Src/main.c: In function 'main':
../Core/Src/main.c:194:5: warning: variable 'state' set but not used [-Wunused-but-set-variable]
  194 | int state=0;
      |     ^~~~~
arm-none-eabi-gcc -o "STM32_Lab2.elf" @"objects.list"   -mcpu=cortex-m3 -T"C:\Users\itzic\Desktop\baitapxaml\VXL\Git_Lab2\STM32_code\STM32_Lab2\STM32F103C6UX_FLASH.ld" --specs=nosys.specs -Wl,-Map="STM32_Lab2.map" -Wl,--gc-sections -static --specs=nano.specs -mfloat-abi=soft -mthumb -Wl,--start-group -lc -lm -Wl,--end-group
Finished building target: STM32_Lab2.elf
 
arm-none-eabi-size   STM32_Lab2.elf 
arm-none-eabi-objdump -h -S  STM32_Lab2.elf  > "STM32_Lab2.list"
arm-none-eabi-objcopy  -O ihex  STM32_Lab2.elf  "STM32_Lab2.hex"
arm-none-eabi-objcopy  -O binary  STM32_Lab2.elf  "STM32_Lab2.bin"
   text	   data	    bss	    dec	    hex	filename
   7980	     20	   1660	   9660	   25bc	STM32_Lab2.elf
Finished building: default.size.stdout
 
Finished building: STM32_Lab2.hex
Finished building: STM32_Lab2.bin
 
Finished building: STM32_Lab2.list
 
 
17:14:55 **** Incremental Build of configuration Debug for project STM32_Lab2 ****
make -j16 all 
arm-none-eabi-gcc "../Core/Src/main.c" -mcpu=cortex-m3 -std=gnu11 -g3 -DDEBUG -DUSE_HAL_DRIVER -DSTM32F103x6 -c -I../Core/Inc -I../Drivers/STM32F1xx_HAL_Driver/Inc -I../Drivers/STM32F1xx_HAL_Driver/Inc/Legacy -I../Drivers/CMSIS/Device/ST/STM32F1xx/Include -I../Drivers/CMSIS/Include -O0 -ffunction-sections -fdata-sections -Wall -fstack-usage -MMD -MP -MF"Core/Src/main.d" -MT"Core/Src/main.o" --specs=nano.specs -mfloat-abi=soft -mthumb -o "Core/Src/main.o"
arm-none-eabi-gcc -o "STM32_Lab2.elf" @"objects.list"   -mcpu=cortex-m3 -T"C:\Users\itzic\Desktop\baitapxaml\VXL\Git_Lab2\STM32_code\STM32_Lab2\STM32F103C6UX_FLASH.ld" --specs=nosys.specs -Wl,-Map="STM32_Lab2.map" -Wl,--gc-sections -static --specs=nano.specs -mfloat-abi=soft -mthumb -Wl,--start-group -lc -lm -Wl,--end-group
Finished building target: STM32_Lab2.elf
 
arm-none-eabi-size   STM32_Lab2.elf 
arm-none-eabi-objdump -h -S  STM32_Lab2.elf  > "STM32_Lab2.list"
arm-none-eabi-objcopy  -O ihex  STM32_Lab2.elf  "STM32_Lab2.hex"
arm-none-eabi-objcopy  -O binary  STM32_Lab2.elf  "STM32_Lab2.bin"
   text	   data	    bss	    dec	    hex	filename
   7988	     20	   1660	   9668	   25c4	STM32_Lab2.elf
Finished building: default.size.stdout
 
Finished building: STM32_Lab2.hex
Finished building: STM32_Lab2.bin
 
 
Finished building: STM32_Lab2.list
 
17:15:02 **** Incremental Build of configuration Debug for project STM32_Lab2 ****
make -j16 all 
arm-none-eabi-gcc "../Core/Src/main.c" -mcpu=cortex-m3 -std=gnu11 -g3 -DDEBUG -DUSE_HAL_DRIVER -DSTM32F103x6 -c -I../Core/Inc -I../Drivers/STM32F1xx_HAL_Driver/Inc -I../Drivers/STM32F1xx_HAL_Driver/Inc/Legacy -I../Drivers/CMSIS/Device/ST/STM32F1xx/Include -I../Drivers/CMSIS/Include -O0 -ffunction-sections -fdata-sections -Wall -fstack-usage -MMD -MP -MF"Core/Src/main.d" -MT"Core/Src/main.o" --specs=nano.specs -mfloat-abi=soft -mthumb -o "Core/Src/main.o"
arm-none-eabi-gcc -o "STM32_Lab2.elf" @"objects.list"   -mcpu=cortex-m3 -T"C:\Users\itzic\Desktop\baitapxaml\VXL\Git_Lab2\STM32_code\STM32_Lab2\STM32F103C6UX_FLASH.ld" --specs=nosys.specs -Wl,-Map="STM32_Lab2.map" -Wl,--gc-sections -static --specs=nano.specs -mfloat-abi=soft -mthumb -Wl,--start-group -lc -lm -Wl,--end-group
Finished building target: STM32_Lab2.elf
 
arm-none-eabi-size   STM32_Lab2.elf 
arm-none-eabi-objdump -h -S  STM32_Lab2.elf  > "STM32_Lab2.list"
arm-none-eabi-objcopy  -O ihex  STM32_Lab2.elf  "STM32_Lab2.hex"
   text	   data	    bss	    dec	    hex	filename
   7988	     20	   1660	   9668	   25c4	STM32_Lab2.elf
arm-none-eabi-objcopy  -O binary  STM32_Lab2.elf  "STM32_Lab2.bin"
Finished building: default.size.stdout
 
Finished building: STM32_Lab2.hex
Finished building: STM32_Lab2.bin
 
 
Finished building: STM32_Lab2.list
 
17:16:39 **** Incremental Build of configuration Debug for project STM32_Lab2 ****
make -j16 all 
arm-none-eabi-gcc "../Core/Src/main.c" -mcpu=cortex-m3 -std=gnu11 -g3 -DDEBUG -DUSE_HAL_DRIVER -DSTM32F103x6 -c -I../Core/Inc -I../Drivers/STM32F1xx_HAL_Driver/Inc -I../Drivers/STM32F1xx_HAL_Driver/Inc/Legacy -I../Drivers/CMSIS/Device/ST/STM32F1xx/Include -I../Drivers/CMSIS/Include -O0 -ffunction-sections -fdata-sections -Wall -fstack-usage -MMD -MP -MF"Core/Src/main.d" -MT"Core/Src/main.o" --specs=nano.specs -mfloat-abi=soft -mthumb -o "Core/Src/main.o"
arm-none-eabi-gcc -o "STM32_Lab2.elf" @"objects.list"   -mcpu=cortex-m3 -T"C:\Users\itzic\Desktop\baitapxaml\VXL\Git_Lab2\STM32_code\STM32_Lab2\STM32F103C6UX_FLASH.ld" --specs=nosys.specs -Wl,-Map="STM32_Lab2.map" -Wl,--gc-sections -static --specs=nano.specs -mfloat-abi=soft -mthumb -Wl,--start-group -lc -lm -Wl,--end-group
Finished building target: STM32_Lab2.elf
 
arm-none-eabi-size   STM32_Lab2.elf 
arm-none-eabi-objdump -h -S  STM32_Lab2.elf  > "STM32_Lab2.list"
arm-none-eabi-objcopy  -O ihex  STM32_Lab2.elf  "STM32_Lab2.hex"
   text	   data	    bss	    dec	    hex	filename
   7960	     20	   1660	   9640	   25a8	STM32_Lab2.elf
arm-none-eabi-objcopy  -O binary  STM32_Lab2.elf  "STM32_Lab2.bin"
Finished building: default.size.stdout
 
Finished building: STM32_Lab2.hex
Finished building: STM32_Lab2.bin
 
 
Finished building: STM32_Lab2.list
 
17:17:00 **** Incremental Build of configuration Debug for project STM32_Lab2 ****
make -j16 all 
arm-none-eabi-gcc "../Core/Src/main.c" -mcpu=cortex-m3 -std=gnu11 -g3 -DDEBUG -DUSE_HAL_DRIVER -DSTM32F103x6 -c -I../Core/Inc -I../Drivers/STM32F1xx_HAL_Driver/Inc -I../Drivers/STM32F1xx_HAL_Driver/Inc/Legacy -I../Drivers/CMSIS/Device/ST/STM32F1xx/Include -I../Drivers/CMSIS/Include -O0 -ffunction-sections -fdata-sections -Wall -fstack-usage -MMD -MP -MF"Core/Src/main.d" -MT"Core/Src/main.o" --specs=nano.specs -mfloat-abi=soft -mthumb -o "Core/Src/main.o"
arm-none-eabi-gcc -o "STM32_Lab2.elf" @"objects.list"   -mcpu=cortex-m3 -T"C:\Users\itzic\Desktop\baitapxaml\VXL\Git_Lab2\STM32_code\STM32_Lab2\STM32F103C6UX_FLASH.ld" --specs=nosys.specs -Wl,-Map="STM32_Lab2.map" -Wl,--gc-sections -static --specs=nano.specs -mfloat-abi=soft -mthumb -Wl,--start-group -lc -lm -Wl,--end-group
Finished building target: STM32_Lab2.elf
 
arm-none-eabi-size   STM32_Lab2.elf 
arm-none-eabi-objdump -h -S  STM32_Lab2.elf  > "STM32_Lab2.list"
arm-none-eabi-objcopy  -O ihex  STM32_Lab2.elf  "STM32_Lab2.hex"
arm-none-eabi-objcopy  -O binary  STM32_Lab2.elf  "STM32_Lab2.bin"
   text	   data	    bss	    dec	    hex	filename
   7960	     20	   1660	   9640	   25a8	STM32_Lab2.elf
Finished building: default.size.stdout
 
Finished building: STM32_Lab2.hex
Finished building: STM32_Lab2.bin
 
 
Finished building: STM32_Lab2.list
 
17:17:31 **** Incremental Build of configuration Debug for project STM32_Lab2 ****
make -j16 all 
arm-none-eabi-gcc "../Core/Src/main.c" -mcpu=cortex-m3 -std=gnu11 -g3 -DDEBUG -DUSE_HAL_DRIVER -DSTM32F103x6 -c -I../Core/Inc -I../Drivers/STM32F1xx_HAL_Driver/Inc -I../Drivers/STM32F1xx_HAL_Driver/Inc/Legacy -I../Drivers/CMSIS/Device/ST/STM32F1xx/Include -I../Drivers/CMSIS/Include -O0 -ffunction-sections -fdata-sections -Wall -fstack-usage -MMD -MP -MF"Core/Src/main.d" -MT"Core/Src/main.o" --specs=nano.specs -mfloat-abi=soft -mthumb -o "Core/Src/main.o"
arm-none-eabi-gcc -o "STM32_Lab2.elf" @"objects.list"   -mcpu=cortex-m3 -T"C:\Users\itzic\Desktop\baitapxaml\VXL\Git_Lab2\STM32_code\STM32_Lab2\STM32F103C6UX_FLASH.ld" --specs=nosys.specs -Wl,-Map="STM32_Lab2.map" -Wl,--gc-sections -static --specs=nano.specs -mfloat-abi=soft -mthumb -Wl,--start-group -lc -lm -Wl,--end-group
Finished building target: STM32_Lab2.elf
 
arm-none-eabi-size   STM32_Lab2.elf 
arm-none-eabi-objdump -h -S  STM32_Lab2.elf  > "STM32_Lab2.list"
arm-none-eabi-objcopy  -O ihex  STM32_Lab2.elf  "STM32_Lab2.hex"
   text	   data	    bss	    dec	    hex	filename
   7948	     20	   1660	   9628	   259c	STM32_Lab2.elf
arm-none-eabi-objcopy  -O binary  STM32_Lab2.elf  "STM32_Lab2.bin"
Finished building: default.size.stdout
 
Finished building: STM32_Lab2.hex
Finished building: STM32_Lab2.bin
 
 
Finished building: STM32_Lab2.list
 
17:18:20 **** Incremental Build of configuration Debug for project STM32_Lab2 ****
make -j16 all 
arm-none-eabi-gcc "../Core/Src/main.c" -mcpu=cortex-m3 -std=gnu11 -g3 -DDEBUG -DUSE_HAL_DRIVER -DSTM32F103x6 -c -I../Core/Inc -I../Drivers/STM32F1xx_HAL_Driver/Inc -I../Drivers/STM32F1xx_HAL_Driver/Inc/Legacy -I../Drivers/CMSIS/Device/ST/STM32F1xx/Include -I../Drivers/CMSIS/Include -O0 -ffunction-sections -fdata-sections -Wall -fstack-usage -MMD -MP -MF"Core/Src/main.d" -MT"Core/Src/main.o" --specs=nano.specs -mfloat-abi=soft -mthumb -o "Core/Src/main.o"
arm-none-eabi-gcc -o "STM32_Lab2.elf" @"objects.list"   -mcpu=cortex-m3 -T"C:\Users\itzic\Desktop\baitapxaml\VXL\Git_Lab2\STM32_code\STM32_Lab2\STM32F103C6UX_FLASH.ld" --specs=nosys.specs -Wl,-Map="STM32_Lab2.map" -Wl,--gc-sections -static --specs=nano.specs -mfloat-abi=soft -mthumb -Wl,--start-group -lc -lm -Wl,--end-group
Finished building target: STM32_Lab2.elf
 
arm-none-eabi-size   STM32_Lab2.elf 
arm-none-eabi-objdump -h -S  STM32_Lab2.elf  > "STM32_Lab2.list"
arm-none-eabi-objcopy  -O ihex  STM32_Lab2.elf  "STM32_Lab2.hex"
   text	   data	    bss	    dec	    hex	filename
   7940	     20	   1660	   9620	   2594	STM32_Lab2.elf
arm-none-eabi-objcopy  -O binary  STM32_Lab2.elf  "STM32_Lab2.bin"
Finished building: default.size.stdout
 
Finished building: STM32_Lab2.hex
Finished building: STM32_Lab2.bin
 
 
Finished building: STM32_Lab2.list
 
17:19:20 **** Incremental Build of configuration Debug for project STM32_Lab2 ****
make -j16 all 
arm-none-eabi-gcc "../Core/Src/main.c" -mcpu=cortex-m3 -std=gnu11 -g3 -DDEBUG -DUSE_HAL_DRIVER -DSTM32F103x6 -c -I../Core/Inc -I../Drivers/STM32F1xx_HAL_Driver/Inc -I../Drivers/STM32F1xx_HAL_Driver/Inc/Legacy -I../Drivers/CMSIS/Device/ST/STM32F1xx/Include -I../Drivers/CMSIS/Include -O0 -ffunction-sections -fdata-sections -Wall -fstack-usage -MMD -MP -MF"Core/Src/main.d" -MT"Core/Src/main.o" --specs=nano.specs -mfloat-abi=soft -mthumb -o "Core/Src/main.o"
arm-none-eabi-gcc -o "STM32_Lab2.elf" @"objects.list"   -mcpu=cortex-m3 -T"C:\Users\itzic\Desktop\baitapxaml\VXL\Git_Lab2\STM32_code\STM32_Lab2\STM32F103C6UX_FLASH.ld" --specs=nosys.specs -Wl,-Map="STM32_Lab2.map" -Wl,--gc-sections -static --specs=nano.specs -mfloat-abi=soft -mthumb -Wl,--start-group -lc -lm -Wl,--end-group
Finished building target: STM32_Lab2.elf
 
arm-none-eabi-size   STM32_Lab2.elf 
arm-none-eabi-objdump -h -S  STM32_Lab2.elf  > "STM32_Lab2.list"
arm-none-eabi-objcopy  -O ihex  STM32_Lab2.elf  "STM32_Lab2.hex"
arm-none-eabi-objcopy  -O binary  STM32_Lab2.elf  "STM32_Lab2.bin"
   text	   data	    bss	    dec	    hex	filename
   7960	     20	   1660	   9640	   25a8	STM32_Lab2.elf
Finished building: default.size.stdout
 
Finished building: STM32_Lab2.hex
Finished building: STM32_Lab2.bin
 
 
Finished building: STM32_Lab2.list
 
21:24:22 **** Incremental Build of configuration Debug for project STM32_Lab2 ****
make -j16 all 
arm-none-eabi-gcc "../Core/Src/main.c" -mcpu=cortex-m3 -std=gnu11 -g3 -DDEBUG -DUSE_HAL_DRIVER -DSTM32F103x6 -c -I../Core/Inc -I../Drivers/STM32F1xx_HAL_Driver/Inc -I../Drivers/STM32F1xx_HAL_Driver/Inc/Legacy -I../Drivers/CMSIS/Device/ST/STM32F1xx/Include -I../Drivers/CMSIS/Include -O0 -ffunction-sections -fdata-sections -Wall -fstack-usage -MMD -MP -MF"Core/Src/main.d" -MT"Core/Src/main.o" --specs=nano.specs -mfloat-abi=soft -mthumb -o "Core/Src/main.o"
arm-none-eabi-gcc -o "STM32_Lab2.elf" @"objects.list"   -mcpu=cortex-m3 -T"C:\Users\itzic\Desktop\baitapxaml\VXL\Git_Lab2\STM32_code\STM32_Lab2\STM32F103C6UX_FLASH.ld" --specs=nosys.specs -Wl,-Map="STM32_Lab2.map" -Wl,--gc-sections -static --specs=nano.specs -mfloat-abi=soft -mthumb -Wl,--start-group -lc -lm -Wl,--end-group
Finished building target: STM32_Lab2.elf
 
arm-none-eabi-size   STM32_Lab2.elf 
arm-none-eabi-objdump -h -S  STM32_Lab2.elf  > "STM32_Lab2.list"
arm-none-eabi-objcopy  -O ihex  STM32_Lab2.elf  "STM32_Lab2.hex"
arm-none-eabi-objcopy  -O binary  STM32_Lab2.elf  "STM32_Lab2.bin"
   text	   data	    bss	    dec	    hex	filename
   7980	     20	   1660	   9660	   25bc	STM32_Lab2.elf
Finished building: default.size.stdout
 
Finished building: STM32_Lab2.bin
Finished building: STM32_Lab2.hex
 
 
Finished building: STM32_Lab2.list
 
21:28:34 **** Incremental Build of configuration Debug for project STM32_Lab2 ****
make -j16 all 
arm-none-eabi-gcc "../Core/Src/main.c" -mcpu=cortex-m3 -std=gnu11 -g3 -DDEBUG -DUSE_HAL_DRIVER -DSTM32F103x6 -c -I../Core/Inc -I../Drivers/STM32F1xx_HAL_Driver/Inc -I../Drivers/STM32F1xx_HAL_Driver/Inc/Legacy -I../Drivers/CMSIS/Device/ST/STM32F1xx/Include -I../Drivers/CMSIS/Include -O0 -ffunction-sections -fdata-sections -Wall -fstack-usage -MMD -MP -MF"Core/Src/main.d" -MT"Core/Src/main.o" --specs=nano.specs -mfloat-abi=soft -mthumb -o "Core/Src/main.o"
arm-none-eabi-gcc -o "STM32_Lab2.elf" @"objects.list"   -mcpu=cortex-m3 -T"C:\Users\itzic\Desktop\baitapxaml\VXL\Git_Lab2\STM32_code\STM32_Lab2\STM32F103C6UX_FLASH.ld" --specs=nosys.specs -Wl,-Map="STM32_Lab2.map" -Wl,--gc-sections -static --specs=nano.specs -mfloat-abi=soft -mthumb -Wl,--start-group -lc -lm -Wl,--end-group
Finished building target: STM32_Lab2.elf
 
arm-none-eabi-size   STM32_Lab2.elf 
arm-none-eabi-objdump -h -S  STM32_Lab2.elf  > "STM32_Lab2.list"
arm-none-eabi-objcopy  -O ihex  STM32_Lab2.elf  "STM32_Lab2.hex"
   text	   data	    bss	    dec	    hex	filename
   7980	     20	   1660	   9660	   25bc	STM32_Lab2.elf
arm-none-eabi-objcopy  -O binary  STM32_Lab2.elf  "STM32_Lab2.bin"
Finished building: default.size.stdout
 
Finished building: STM32_Lab2.hex
Finished building: STM32_Lab2.bin
 
 
Finished building: STM32_Lab2.list
 
21:32:04 **** Incremental Build of configuration Debug for project STM32_Lab2 ****
make -j16 all 
arm-none-eabi-gcc "../Core/Src/main.c" -mcpu=cortex-m3 -std=gnu11 -g3 -DDEBUG -DUSE_HAL_DRIVER -DSTM32F103x6 -c -I../Core/Inc -I../Drivers/STM32F1xx_HAL_Driver/Inc -I../Drivers/STM32F1xx_HAL_Driver/Inc/Legacy -I../Drivers/CMSIS/Device/ST/STM32F1xx/Include -I../Drivers/CMSIS/Include -O0 -ffunction-sections -fdata-sections -Wall -fstack-usage -MMD -MP -MF"Core/Src/main.d" -MT"Core/Src/main.o" --specs=nano.specs -mfloat-abi=soft -mthumb -o "Core/Src/main.o"
../Core/Src/main.c: In function 'main':
../Core/Src/main.c:194:5: warning: unused variable 'state' [-Wunused-variable]
  194 | int state=0;
      |     ^~~~~
../Core/Src/main.c:193:5: warning: unused variable 'count2' [-Wunused-variable]
  193 | int count2=9;
      |     ^~~~~~
../Core/Src/main.c:192:5: warning: unused variable 'count1' [-Wunused-variable]
  192 | int count1=0;
      |     ^~~~~~
../Core/Src/main.c: In function 'HAL_TIM_PeriodElapsedCallback':
../Core/Src/main.c:326:12: error: 'state' undeclared (first use in this function)
  326 |     switch(state){
      |            ^~~~~
../Core/Src/main.c:326:12: note: each undeclared identifier is reported only once for each function it appears in
../Core/Src/main.c:328:9: error: 'count1' undeclared (first use in this function)
  328 |      if(count1>9)count1=0;
      |         ^~~~~~
../Core/Src/main.c:338:9: error: 'count2' undeclared (first use in this function)
  338 |      if(count2<0)count2=9;
      |         ^~~~~~
make: *** [Core/Src/subdir.mk:37: Core/Src/main.o] Error 1
"make -j16 all" terminated with exit code 2. Build might be incomplete.
21:32:24 **** Incremental Build of configuration Debug for project STM32_Lab2 ****
make -j16 all 
arm-none-eabi-gcc "../Core/Src/main.c" -mcpu=cortex-m3 -std=gnu11 -g3 -DDEBUG -DUSE_HAL_DRIVER -DSTM32F103x6 -c -I../Core/Inc -I../Drivers/STM32F1xx_HAL_Driver/Inc -I../Drivers/STM32F1xx_HAL_Driver/Inc/Legacy -I../Drivers/CMSIS/Device/ST/STM32F1xx/Include -I../Drivers/CMSIS/Include -O0 -ffunction-sections -fdata-sections -Wall -fstack-usage -MMD -MP -MF"Core/Src/main.d" -MT"Core/Src/main.o" --specs=nano.specs -mfloat-abi=soft -mthumb -o "Core/Src/main.o"
arm-none-eabi-gcc -o "STM32_Lab2.elf" @"objects.list"   -mcpu=cortex-m3 -T"C:\Users\itzic\Desktop\baitapxaml\VXL\Git_Lab2\STM32_code\STM32_Lab2\STM32F103C6UX_FLASH.ld" --specs=nosys.specs -Wl,-Map="STM32_Lab2.map" -Wl,--gc-sections -static --specs=nano.specs -mfloat-abi=soft -mthumb -Wl,--start-group -lc -lm -Wl,--end-group
Finished building target: STM32_Lab2.elf
 
arm-none-eabi-size   STM32_Lab2.elf 
arm-none-eabi-objdump -h -S  STM32_Lab2.elf  > "STM32_Lab2.list"
arm-none-eabi-objcopy  -O ihex  STM32_Lab2.elf  "STM32_Lab2.hex"
   text	   data	    bss	    dec	    hex	filename
   8004	     24	   1664	   9692	   25dc	STM32_Lab2.elf
arm-none-eabi-objcopy  -O binary  STM32_Lab2.elf  "STM32_Lab2.bin"
Finished building: default.size.stdout
 
Finished building: STM32_Lab2.hex
Finished building: STM32_Lab2.bin
 
 
Finished building: STM32_Lab2.list
 
21:49:11 **** Incremental Build of configuration Debug for project STM32_Lab2 ****
make -j16 all 
arm-none-eabi-size   STM32_Lab2.elf 
   text	   data	    bss	    dec	    hex	filename
   8004	     24	   1664	   9692	   25dc	STM32_Lab2.elf
Finished building: default.size.stdout
 
21:50:14 **** Incremental Build of configuration Debug for project STM32_Lab2 ****
make -j16 all 
arm-none-eabi-gcc "../Drivers/STM32F1xx_HAL_Driver/Src/stm32f1xx_hal.c" -mcpu=cortex-m3 -std=gnu11 -g3 -DDEBUG -DUSE_HAL_DRIVER -DSTM32F103x6 -c -I../Core/Inc -I../Drivers/STM32F1xx_HAL_Driver/Inc -I../Drivers/STM32F1xx_HAL_Driver/Inc/Legacy -I../Drivers/CMSIS/Device/ST/STM32F1xx/Include -I../Drivers/CMSIS/Include -O0 -ffunction-sections -fdata-sections -Wall -fstack-usage -MMD -MP -MF"Drivers/STM32F1xx_HAL_Driver/Src/stm32f1xx_hal.d" -MT"Drivers/STM32F1xx_HAL_Driver/Src/stm32f1xx_hal.o" --specs=nano.specs -mfloat-abi=soft -mthumb -o "Drivers/STM32F1xx_HAL_Driver/Src/stm32f1xx_hal.o"
arm-none-eabi-gcc "../Drivers/STM32F1xx_HAL_Driver/Src/stm32f1xx_hal_cortex.c" -mcpu=cortex-m3 -std=gnu11 -g3 -DDEBUG -DUSE_HAL_DRIVER -DSTM32F103x6 -c -I../Core/Inc -I../Drivers/STM32F1xx_HAL_Driver/Inc -I../Drivers/STM32F1xx_HAL_Driver/Inc/Legacy -I../Drivers/CMSIS/Device/ST/STM32F1xx/Include -I../Drivers/CMSIS/Include -O0 -ffunction-sections -fdata-sections -Wall -fstack-usage -MMD -MP -MF"Drivers/STM32F1xx_HAL_Driver/Src/stm32f1xx_hal_cortex.d" -MT"Drivers/STM32F1xx_HAL_Driver/Src/stm32f1xx_hal_cortex.o" --specs=nano.specs -mfloat-abi=soft -mthumb -o "Drivers/STM32F1xx_HAL_Driver/Src/stm32f1xx_hal_cortex.o"
arm-none-eabi-gcc "../Drivers/STM32F1xx_HAL_Driver/Src/stm32f1xx_hal_dma.c" -mcpu=cortex-m3 -std=gnu11 -g3 -DDEBUG -DUSE_HAL_DRIVER -DSTM32F103x6 -c -I../Core/Inc -I../Drivers/STM32F1xx_HAL_Driver/Inc -I../Drivers/STM32F1xx_HAL_Driver/Inc/Legacy -I../Drivers/CMSIS/Device/ST/STM32F1xx/Include -I../Drivers/CMSIS/Include -O0 -ffunction-sections -fdata-sections -Wall -fstack-usage -MMD -MP -MF"Drivers/STM32F1xx_HAL_Driver/Src/stm32f1xx_hal_dma.d" -MT"Drivers/STM32F1xx_HAL_Driver/Src/stm32f1xx_hal_dma.o" --specs=nano.specs -mfloat-abi=soft -mthumb -o "Drivers/STM32F1xx_HAL_Driver/Src/stm32f1xx_hal_dma.o"
arm-none-eabi-gcc "../Drivers/STM32F1xx_HAL_Driver/Src/stm32f1xx_hal_exti.c" -mcpu=cortex-m3 -std=gnu11 -g3 -DDEBUG -DUSE_HAL_DRIVER -DSTM32F103x6 -c -I../Core/Inc -I../Drivers/STM32F1xx_HAL_Driver/Inc -I../Drivers/STM32F1xx_HAL_Driver/Inc/Legacy -I../Drivers/CMSIS/Device/ST/STM32F1xx/Include -I../Drivers/CMSIS/Include -O0 -ffunction-sections -fdata-sections -Wall -fstack-usage -MMD -MP -MF"Drivers/STM32F1xx_HAL_Driver/Src/stm32f1xx_hal_exti.d" -MT"Drivers/STM32F1xx_HAL_Driver/Src/stm32f1xx_hal_exti.o" --specs=nano.specs -mfloat-abi=soft -mthumb -o "Drivers/STM32F1xx_HAL_Driver/Src/stm32f1xx_hal_exti.o"
arm-none-eabi-gcc "../Drivers/STM32F1xx_HAL_Driver/Src/stm32f1xx_hal_flash.c" -mcpu=cortex-m3 -std=gnu11 -g3 -DDEBUG -DUSE_HAL_DRIVER -DSTM32F103x6 -c -I../Core/Inc -I../Drivers/STM32F1xx_HAL_Driver/Inc -I../Drivers/STM32F1xx_HAL_Driver/Inc/Legacy -I../Drivers/CMSIS/Device/ST/STM32F1xx/Include -I../Drivers/CMSIS/Include -O0 -ffunction-sections -fdata-sections -Wall -fstack-usage -MMD -MP -MF"Drivers/STM32F1xx_HAL_Driver/Src/stm32f1xx_hal_flash.d" -MT"Drivers/STM32F1xx_HAL_Driver/Src/stm32f1xx_hal_flash.o" --specs=nano.specs -mfloat-abi=soft -mthumb -o "Drivers/STM32F1xx_HAL_Driver/Src/stm32f1xx_hal_flash.o"
arm-none-eabi-gcc "../Drivers/STM32F1xx_HAL_Driver/Src/stm32f1xx_hal_flash_ex.c" -mcpu=cortex-m3 -std=gnu11 -g3 -DDEBUG -DUSE_HAL_DRIVER -DSTM32F103x6 -c -I../Core/Inc -I../Drivers/STM32F1xx_HAL_Driver/Inc -I../Drivers/STM32F1xx_HAL_Driver/Inc/Legacy -I../Drivers/CMSIS/Device/ST/STM32F1xx/Include -I../Drivers/CMSIS/Include -O0 -ffunction-sections -fdata-sections -Wall -fstack-usage -MMD -MP -MF"Drivers/STM32F1xx_HAL_Driver/Src/stm32f1xx_hal_flash_ex.d" -MT"Drivers/STM32F1xx_HAL_Driver/Src/stm32f1xx_hal_flash_ex.o" --specs=nano.specs -mfloat-abi=soft -mthumb -o "Drivers/STM32F1xx_HAL_Driver/Src/stm32f1xx_hal_flash_ex.o"
arm-none-eabi-gcc "../Drivers/STM32F1xx_HAL_Driver/Src/stm32f1xx_hal_gpio.c" -mcpu=cortex-m3 -std=gnu11 -g3 -DDEBUG -DUSE_HAL_DRIVER -DSTM32F103x6 -c -I../Core/Inc -I../Drivers/STM32F1xx_HAL_Driver/Inc -I../Drivers/STM32F1xx_HAL_Driver/Inc/Legacy -I../Drivers/CMSIS/Device/ST/STM32F1xx/Include -I../Drivers/CMSIS/Include -O0 -ffunction-sections -fdata-sections -Wall -fstack-usage -MMD -MP -MF"Drivers/STM32F1xx_HAL_Driver/Src/stm32f1xx_hal_gpio.d" -MT"Drivers/STM32F1xx_HAL_Driver/Src/stm32f1xx_hal_gpio.o" --specs=nano.specs -mfloat-abi=soft -mthumb -o "Drivers/STM32F1xx_HAL_Driver/Src/stm32f1xx_hal_gpio.o"
arm-none-eabi-gcc "../Drivers/STM32F1xx_HAL_Driver/Src/stm32f1xx_hal_gpio_ex.c" -mcpu=cortex-m3 -std=gnu11 -g3 -DDEBUG -DUSE_HAL_DRIVER -DSTM32F103x6 -c -I../Core/Inc -I../Drivers/STM32F1xx_HAL_Driver/Inc -I../Drivers/STM32F1xx_HAL_Driver/Inc/Legacy -I../Drivers/CMSIS/Device/ST/STM32F1xx/Include -I../Drivers/CMSIS/Include -O0 -ffunction-sections -fdata-sections -Wall -fstack-usage -MMD -MP -MF"Drivers/STM32F1xx_HAL_Driver/Src/stm32f1xx_hal_gpio_ex.d" -MT"Drivers/STM32F1xx_HAL_Driver/Src/stm32f1xx_hal_gpio_ex.o" --specs=nano.specs -mfloat-abi=soft -mthumb -o "Drivers/STM32F1xx_HAL_Driver/Src/stm32f1xx_hal_gpio_ex.o"
arm-none-eabi-gcc "../Drivers/STM32F1xx_HAL_Driver/Src/stm32f1xx_hal_pwr.c" -mcpu=cortex-m3 -std=gnu11 -g3 -DDEBUG -DUSE_HAL_DRIVER -DSTM32F103x6 -c -I../Core/Inc -I../Drivers/STM32F1xx_HAL_Driver/Inc -I../Drivers/STM32F1xx_HAL_Driver/Inc/Legacy -I../Drivers/CMSIS/Device/ST/STM32F1xx/Include -I../Drivers/CMSIS/Include -O0 -ffunction-sections -fdata-sections -Wall -fstack-usage -MMD -MP -MF"Drivers/STM32F1xx_HAL_Driver/Src/stm32f1xx_hal_pwr.d" -MT"Drivers/STM32F1xx_HAL_Driver/Src/stm32f1xx_hal_pwr.o" --specs=nano.specs -mfloat-abi=soft -mthumb -o "Drivers/STM32F1xx_HAL_Driver/Src/stm32f1xx_hal_pwr.o"
arm-none-eabi-gcc "../Drivers/STM32F1xx_HAL_Driver/Src/stm32f1xx_hal_rcc.c" -mcpu=cortex-m3 -std=gnu11 -g3 -DDEBUG -DUSE_HAL_DRIVER -DSTM32F103x6 -c -I../Core/Inc -I../Drivers/STM32F1xx_HAL_Driver/Inc -I../Drivers/STM32F1xx_HAL_Driver/Inc/Legacy -I../Drivers/CMSIS/Device/ST/STM32F1xx/Include -I../Drivers/CMSIS/Include -O0 -ffunction-sections -fdata-sections -Wall -fstack-usage -MMD -MP -MF"Drivers/STM32F1xx_HAL_Driver/Src/stm32f1xx_hal_rcc.d" -MT"Drivers/STM32F1xx_HAL_Driver/Src/stm32f1xx_hal_rcc.o" --specs=nano.specs -mfloat-abi=soft -mthumb -o "Drivers/STM32F1xx_HAL_Driver/Src/stm32f1xx_hal_rcc.o"
arm-none-eabi-gcc "../Drivers/STM32F1xx_HAL_Driver/Src/stm32f1xx_hal_rcc_ex.c" -mcpu=cortex-m3 -std=gnu11 -g3 -DDEBUG -DUSE_HAL_DRIVER -DSTM32F103x6 -c -I../Core/Inc -I../Drivers/STM32F1xx_HAL_Driver/Inc -I../Drivers/STM32F1xx_HAL_Driver/Inc/Legacy -I../Drivers/CMSIS/Device/ST/STM32F1xx/Include -I../Drivers/CMSIS/Include -O0 -ffunction-sections -fdata-sections -Wall -fstack-usage -MMD -MP -MF"Drivers/STM32F1xx_HAL_Driver/Src/stm32f1xx_hal_rcc_ex.d" -MT"Drivers/STM32F1xx_HAL_Driver/Src/stm32f1xx_hal_rcc_ex.o" --specs=nano.specs -mfloat-abi=soft -mthumb -o "Drivers/STM32F1xx_HAL_Driver/Src/stm32f1xx_hal_rcc_ex.o"
arm-none-eabi-gcc "../Drivers/STM32F1xx_HAL_Driver/Src/stm32f1xx_hal_tim.c" -mcpu=cortex-m3 -std=gnu11 -g3 -DDEBUG -DUSE_HAL_DRIVER -DSTM32F103x6 -c -I../Core/Inc -I../Drivers/STM32F1xx_HAL_Driver/Inc -I../Drivers/STM32F1xx_HAL_Driver/Inc/Legacy -I../Drivers/CMSIS/Device/ST/STM32F1xx/Include -I../Drivers/CMSIS/Include -O0 -ffunction-sections -fdata-sections -Wall -fstack-usage -MMD -MP -MF"Drivers/STM32F1xx_HAL_Driver/Src/stm32f1xx_hal_tim.d" -MT"Drivers/STM32F1xx_HAL_Driver/Src/stm32f1xx_hal_tim.o" --specs=nano.specs -mfloat-abi=soft -mthumb -o "Drivers/STM32F1xx_HAL_Driver/Src/stm32f1xx_hal_tim.o"
arm-none-eabi-gcc "../Drivers/STM32F1xx_HAL_Driver/Src/stm32f1xx_hal_tim_ex.c" -mcpu=cortex-m3 -std=gnu11 -g3 -DDEBUG -DUSE_HAL_DRIVER -DSTM32F103x6 -c -I../Core/Inc -I../Drivers/STM32F1xx_HAL_Driver/Inc -I../Drivers/STM32F1xx_HAL_Driver/Inc/Legacy -I../Drivers/CMSIS/Device/ST/STM32F1xx/Include -I../Drivers/CMSIS/Include -O0 -ffunction-sections -fdata-sections -Wall -fstack-usage -MMD -MP -MF"Drivers/STM32F1xx_HAL_Driver/Src/stm32f1xx_hal_tim_ex.d" -MT"Drivers/STM32F1xx_HAL_Driver/Src/stm32f1xx_hal_tim_ex.o" --specs=nano.specs -mfloat-abi=soft -mthumb -o "Drivers/STM32F1xx_HAL_Driver/Src/stm32f1xx_hal_tim_ex.o"
arm-none-eabi-gcc "../Core/Src/main.c" -mcpu=cortex-m3 -std=gnu11 -g3 -DDEBUG -DUSE_HAL_DRIVER -DSTM32F103x6 -c -I../Core/Inc -I../Drivers/STM32F1xx_HAL_Driver/Inc -I../Drivers/STM32F1xx_HAL_Driver/Inc/Legacy -I../Drivers/CMSIS/Device/ST/STM32F1xx/Include -I../Drivers/CMSIS/Include -O0 -ffunction-sections -fdata-sections -Wall -fstack-usage -MMD -MP -MF"Core/Src/main.d" -MT"Core/Src/main.o" --specs=nano.specs -mfloat-abi=soft -mthumb -o "Core/Src/main.o"
arm-none-eabi-gcc "../Core/Src/stm32f1xx_hal_msp.c" -mcpu=cortex-m3 -std=gnu11 -g3 -DDEBUG -DUSE_HAL_DRIVER -DSTM32F103x6 -c -I../Core/Inc -I../Drivers/STM32F1xx_HAL_Driver/Inc -I../Drivers/STM32F1xx_HAL_Driver/Inc/Legacy -I../Drivers/CMSIS/Device/ST/STM32F1xx/Include -I../Drivers/CMSIS/Include -O0 -ffunction-sections -fdata-sections -Wall -fstack-usage -MMD -MP -MF"Core/Src/stm32f1xx_hal_msp.d" -MT"Core/Src/stm32f1xx_hal_msp.o" --specs=nano.specs -mfloat-abi=soft -mthumb -o "Core/Src/stm32f1xx_hal_msp.o"
arm-none-eabi-gcc "../Core/Src/stm32f1xx_it.c" -mcpu=cortex-m3 -std=gnu11 -g3 -DDEBUG -DUSE_HAL_DRIVER -DSTM32F103x6 -c -I../Core/Inc -I../Drivers/STM32F1xx_HAL_Driver/Inc -I../Drivers/STM32F1xx_HAL_Driver/Inc/Legacy -I../Drivers/CMSIS/Device/ST/STM32F1xx/Include -I../Drivers/CMSIS/Include -O0 -ffunction-sections -fdata-sections -Wall -fstack-usage -MMD -MP -MF"Core/Src/stm32f1xx_it.d" -MT"Core/Src/stm32f1xx_it.o" --specs=nano.specs -mfloat-abi=soft -mthumb -o "Core/Src/stm32f1xx_it.o"
../Core/Src/main.c: In function 'HAL_TIM_PeriodElapsedCallback':
../Core/Src/main.c:242:6: warning: implicit declaration of function 'display7SEG' [-Wimplicit-function-declaration]
  242 |      display7SEG(count1);
      |      ^~~~~~~~~~~
arm-none-eabi-gcc "../Core/Src/system_stm32f1xx.c" -mcpu=cortex-m3 -std=gnu11 -g3 -DDEBUG -DUSE_HAL_DRIVER -DSTM32F103x6 -c -I../Core/Inc -I../Drivers/STM32F1xx_HAL_Driver/Inc -I../Drivers/STM32F1xx_HAL_Driver/Inc/Legacy -I../Drivers/CMSIS/Device/ST/STM32F1xx/Include -I../Drivers/CMSIS/Include -O0 -ffunction-sections -fdata-sections -Wall -fstack-usage -MMD -MP -MF"Core/Src/system_stm32f1xx.d" -MT"Core/Src/system_stm32f1xx.o" --specs=nano.specs -mfloat-abi=soft -mthumb -o "Core/Src/system_stm32f1xx.o"
arm-none-eabi-gcc -o "STM32_Lab2.elf" @"objects.list"   -mcpu=cortex-m3 -T"C:\Users\itzic\Desktop\baitapxaml\VXL\Git_Lab2\STM32_code\STM32_Lab2\STM32F103C6UX_FLASH.ld" --specs=nosys.specs -Wl,-Map="STM32_Lab2.map" -Wl,--gc-sections -static --specs=nano.specs -mfloat-abi=soft -mthumb -Wl,--start-group -lc -lm -Wl,--end-group
c:\st\stm32cubeide_1.7.0\stm32cubeide\plugins\com.st.stm32cube.ide.mcu.externaltools.gnu-tools-for-stm32.9-2020-q2-update.win32_2.0.0.202105311346\tools\arm-none-eabi\bin\ld.exe: ./Core/Src/main.o: in function `HAL_TIM_PeriodElapsedCallback':
C:/Users/itzic/Desktop/baitapxaml/VXL/Git_Lab2/STM32_code/STM32_Lab2/Debug/../Core/Src/main.c:242: undefined reference to `display7SEG'
c:\st\stm32cubeide_1.7.0\stm32cubeide\plugins\com.st.stm32cube.ide.mcu.externaltools.gnu-tools-for-stm32.9-2020-q2-update.win32_2.0.0.202105311346\tools\arm-none-eabi\bin\ld.exe: C:/Users/itzic/Desktop/baitapxaml/VXL/Git_Lab2/STM32_code/STM32_Lab2/Debug/../Core/Src/main.c:252: undefined reference to `display7SEG'
collect2.exe: error: ld returned 1 exit status
make: *** [makefile:68: STM32_Lab2.elf] Error 1
"make -j16 all" terminated with exit code 2. Build might be incomplete.
21:53:37 **** Incremental Build of configuration Debug for project STM32_Lab2 ****
make -j16 all 
[...]
 
Finished building: STM32_Lab2.hex
Finished building: STM32_Lab2.bin
 
 
Finished building: STM32_Lab2.list
 
14:55:29 **** Incremental Build of configuration Debug for project STM32_Lab2 ****
make -j16 all 
arm-none-eabi-gcc "../Core/Src/main.c" -mcpu=cortex-m3 -std=gnu11 -g3 -DDEBUG -DUSE_HAL_DRIVER -DSTM32F103x6 -c -I../Core/Inc -I../Drivers/STM32F1xx_HAL_Driver/Inc -I../Drivers/STM32F1xx_HAL_Driver/Inc/Legacy -I../Drivers/CMSIS/Device/ST/STM32F1xx/Include -I../Drivers/CMSIS/Include -O0 -ffunction-sections -fdata-sections -Wall -fstack-usage -MMD -MP -MF"Core/Src/main.d" -MT"Core/Src/main.o" --specs=nano.specs -mfloat-abi=soft -mthumb -o "Core/Src/main.o"
arm-none-eabi-gcc -o "STM32_Lab2.elf" @"objects.list"   -mcpu=cortex-m3 -T"C:\Users\itzic\Desktop\baitapxaml\VXL\Git_Lab2\STM32_code\STM32_Lab2\STM32F103C6UX_FLASH.ld" --specs=nosys.specs -Wl,-Map="STM32_Lab2.map" -Wl,--gc-sections -static --specs=nano.specs -mfloat-abi=soft -mthumb -Wl,--start-group -lc -lm -Wl,--end-group
Finished building target: STM32_Lab2.elf
 
arm-none-eabi-size   STM32_Lab2.elf 
arm-none-eabi-objdump -h -S  STM32_Lab2.elf  > "STM32_Lab2.list"
arm-none-eabi-objcopy  -O ihex  STM32_Lab2.elf  "STM32_Lab2.hex"
arm-none-eabi-objcopy  -O binary  STM32_Lab2.elf  "STM32_Lab2.bin"
   text	   data	    bss	    dec	    hex	filename
   8368	     36	   1668	  10072	   2758	STM32_Lab2.elf
Finished building: default.size.stdout
 
Finished building: STM32_Lab2.hex
Finished building: STM32_Lab2.bin
 
 
Finished building: STM32_Lab2.list
 
15:16:39 **** Incremental Build of configuration Debug for project STM32_Lab2 ****
make -j16 all 
arm-none-eabi-gcc "../Core/Src/main.c" -mcpu=cortex-m3 -std=gnu11 -g3 -DDEBUG -DUSE_HAL_DRIVER -DSTM32F103x6 -c -I../Core/Inc -I../Drivers/STM32F1xx_HAL_Driver/Inc -I../Drivers/STM32F1xx_HAL_Driver/Inc/Legacy -I../Drivers/CMSIS/Device/ST/STM32F1xx/Include -I../Drivers/CMSIS/Include -O0 -ffunction-sections -fdata-sections -Wall -fstack-usage -MMD -MP -MF"Core/Src/main.d" -MT"Core/Src/main.o" --specs=nano.specs -mfloat-abi=soft -mthumb -o "Core/Src/main.o"
../Core/Src/main.c:180:1: warning: return type defaults to 'int' [-Wimplicit-int]
  180 | updateClockBuffer (int hour,int minute) {
      | ^~~~~~~~~~~~~~~~~
../Core/Src/main.c: In function 'updateClockBuffer':
../Core/Src/main.c:192:3: error: break statement not within loop or switch
  192 |   break;
      |   ^~~~~
../Core/Src/main.c:199:3: error: break statement not within loop or switch
  199 |   break;
      |   ^~~~~
../Core/Src/main.c:206:3: error: break statement not within loop or switch
  206 |   break;
      |   ^~~~~
../Core/Src/main.c: In function 'main':
../Core/Src/main.c:257:4: error: too few arguments to function 'updateClockBuffer'
  257 |    updateClockBuffer () ;
      |    ^~~~~~~~~~~~~~~~~
../Core/Src/main.c:180:1: note: declared here
  180 | updateClockBuffer (int hour,int minute) {
      | ^~~~~~~~~~~~~~~~~
../Core/Src/main.c: In function 'updateClockBuffer':
../Core/Src/main.c:208:1: warning: control reaches end of non-void function [-Wreturn-type]
  208 | }
      | ^
make: *** [Core/Src/subdir.mk:37: Core/Src/main.o] Error 1
"make -j16 all" terminated with exit code 2. Build might be incomplete.
15:17:01 **** Incremental Build of configuration Debug for project STM32_Lab2 ****
make -j16 all 
arm-none-eabi-gcc "../Core/Src/main.c" -mcpu=cortex-m3 -std=gnu11 -g3 -DDEBUG -DUSE_HAL_DRIVER -DSTM32F103x6 -c -I../Core/Inc -I../Drivers/STM32F1xx_HAL_Driver/Inc -I../Drivers/STM32F1xx_HAL_Driver/Inc/Legacy -I../Drivers/CMSIS/Device/ST/STM32F1xx/Include -I../Drivers/CMSIS/Include -O0 -ffunction-sections -fdata-sections -Wall -fstack-usage -MMD -MP -MF"Core/Src/main.d" -MT"Core/Src/main.o" --specs=nano.specs -mfloat-abi=soft -mthumb -o "Core/Src/main.o"
../Core/Src/main.c:180:2: warning: return type defaults to 'int' [-Wimplicit-int]
  180 |  updateClockBuffer (int hour,int minute) {
      |  ^~~~~~~~~~~~~~~~~
../Core/Src/main.c: In function 'main':
../Core/Src/main.c:254:4: error: too few arguments to function 'updateClockBuffer'
  254 |    updateClockBuffer () ;
      |    ^~~~~~~~~~~~~~~~~
../Core/Src/main.c:180:2: note: declared here
  180 |  updateClockBuffer (int hour,int minute) {
      |  ^~~~~~~~~~~~~~~~~
../Core/Src/main.c: In function 'updateClockBuffer':
../Core/Src/main.c:205:1: warning: control reaches end of non-void function [-Wreturn-type]
  205 | }
      | ^
make: *** [Core/Src/subdir.mk:37: Core/Src/main.o] Error 1
"make -j16 all" terminated with exit code 2. Build might be incomplete.
15:17:30 **** Incremental Build of configuration Debug for project STM32_Lab2 ****
make -j16 all 
arm-none-eabi-gcc "../Core/Src/main.c" -mcpu=cortex-m3 -std=gnu11 -g3 -DDEBUG -DUSE_HAL_DRIVER -DSTM32F103x6 -c -I../Core/Inc -I../Drivers/STM32F1xx_HAL_Driver/Inc -I../Drivers/STM32F1xx_HAL_Driver/Inc/Legacy -I../Drivers/CMSIS/Device/ST/STM32F1xx/Include -I../Drivers/CMSIS/Include -O0 -ffunction-sections -fdata-sections -Wall -fstack-usage -MMD -MP -MF"Core/Src/main.d" -MT"Core/Src/main.o" --specs=nano.specs -mfloat-abi=soft -mthumb -o "Core/Src/main.o"
../Core/Src/main.c: In function 'main':
../Core/Src/main.c:254:4: error: too few arguments to function 'updateClockBuffer'
  254 |    updateClockBuffer () ;
      |    ^~~~~~~~~~~~~~~~~
../Core/Src/main.c:180:6: note: declared here
  180 | void updateClockBuffer (int hour,int minute) {
      |      ^~~~~~~~~~~~~~~~~
make: *** [Core/Src/subdir.mk:37: Core/Src/main.o] Error 1
"make -j16 all" terminated with exit code 2. Build might be incomplete.
15:18:10 **** Incremental Build of configuration Debug for project STM32_Lab2 ****
make -j16 all 
arm-none-eabi-gcc "../Core/Src/main.c" -mcpu=cortex-m3 -std=gnu11 -g3 -DDEBUG -DUSE_HAL_DRIVER -DSTM32F103x6 -c -I../Core/Inc -I../Drivers/STM32F1xx_HAL_Driver/Inc -I../Drivers/STM32F1xx_HAL_Driver/Inc/Legacy -I../Drivers/CMSIS/Device/ST/STM32F1xx/Include -I../Drivers/CMSIS/Include -O0 -ffunction-sections -fdata-sections -Wall -fstack-usage -MMD -MP -MF"Core/Src/main.d" -MT"Core/Src/main.o" --specs=nano.specs -mfloat-abi=soft -mthumb -o "Core/Src/main.o"
arm-none-eabi-gcc -o "STM32_Lab2.elf" @"objects.list"   -mcpu=cortex-m3 -T"C:\Users\itzic\Desktop\baitapxaml\VXL\Git_Lab2\STM32_code\STM32_Lab2\STM32F103C6UX_FLASH.ld" --specs=nosys.specs -Wl,-Map="STM32_Lab2.map" -Wl,--gc-sections -static --specs=nano.specs -mfloat-abi=soft -mthumb -Wl,--start-group -lc -lm -Wl,--end-group
Finished building target: STM32_Lab2.elf
 
arm-none-eabi-size   STM32_Lab2.elf 
arm-none-eabi-objdump -h -S  STM32_Lab2.elf  > "STM32_Lab2.list"
arm-none-eabi-objcopy  -O ihex  STM32_Lab2.elf  "STM32_Lab2.hex"
   text	   data	    bss	    dec	    hex	filename
   8740	     36	   1668	  10444	   28cc	STM32_Lab2.elf
arm-none-eabi-objcopy  -O binary  STM32_Lab2.elf  "STM32_Lab2.bin"
Finished building: default.size.stdout
 
Finished building: STM32_Lab2.hex
Finished building: STM32_Lab2.bin
 
 
Finished building: STM32_Lab2.list
 
15:22:44 **** Incremental Build of configuration Debug for project STM32_Lab2 ****
make -j16 all 
arm-none-eabi-gcc "../Core/Src/main.c" -mcpu=cortex-m3 -std=gnu11 -g3 -DDEBUG -DUSE_HAL_DRIVER -DSTM32F103x6 -c -I../Core/Inc -I../Drivers/STM32F1xx_HAL_Driver/Inc -I../Drivers/STM32F1xx_HAL_Driver/Inc/Legacy -I../Drivers/CMSIS/Device/ST/STM32F1xx/Include -I../Drivers/CMSIS/Include -O0 -ffunction-sections -fdata-sections -Wall -fstack-usage -MMD -MP -MF"Core/Src/main.d" -MT"Core/Src/main.o" --specs=nano.specs -mfloat-abi=soft -mthumb -o "Core/Src/main.o"
arm-none-eabi-gcc -o "STM32_Lab2.elf" @"objects.list"   -mcpu=cortex-m3 -T"C:\Users\itzic\Desktop\baitapxaml\VXL\Git_Lab2\STM32_code\STM32_Lab2\STM32F103C6UX_FLASH.ld" --specs=nosys.specs -Wl,-Map="STM32_Lab2.map" -Wl,--gc-sections -static --specs=nano.specs -mfloat-abi=soft -mthumb -Wl,--start-group -lc -lm -Wl,--end-group
Finished building target: STM32_Lab2.elf
 
arm-none-eabi-size   STM32_Lab2.elf 
arm-none-eabi-objdump -h -S  STM32_Lab2.elf  > "STM32_Lab2.list"
arm-none-eabi-objcopy  -O ihex  STM32_Lab2.elf  "STM32_Lab2.hex"
   text	   data	    bss	    dec	    hex	filename
   8384	     36	   1660	  10080	   2760	STM32_Lab2.elf
arm-none-eabi-objcopy  -O binary  STM32_Lab2.elf  "STM32_Lab2.bin"
Finished building: default.size.stdout
 
Finished building: STM32_Lab2.hex
Finished building: STM32_Lab2.bin
 
 
Finished building: STM32_Lab2.list
 
15:24:15 **** Incremental Build of configuration Debug for project STM32_Lab2 ****
make -j16 all 
arm-none-eabi-size   STM32_Lab2.elf 
   text	   data	    bss	    dec	    hex	filename
   8384	     36	   1660	  10080	   2760	STM32_Lab2.elf
Finished building: default.size.stdout
 
15:26:27 **** Incremental Build of configuration Debug for project STM32_Lab2 ****
make -j16 all 
arm-none-eabi-gcc "../Core/Src/main.c" -mcpu=cortex-m3 -std=gnu11 -g3 -DDEBUG -DUSE_HAL_DRIVER -DSTM32F103x6 -c -I../Core/Inc -I../Drivers/STM32F1xx_HAL_Driver/Inc -I../Drivers/STM32F1xx_HAL_Driver/Inc/Legacy -I../Drivers/CMSIS/Device/ST/STM32F1xx/Include -I../Drivers/CMSIS/Include -O0 -ffunction-sections -fdata-sections -Wall -fstack-usage -MMD -MP -MF"Core/Src/main.d" -MT"Core/Src/main.o" --specs=nano.specs -mfloat-abi=soft -mthumb -o "Core/Src/main.o"
arm-none-eabi-gcc -o "STM32_Lab2.elf" @"objects.list"   -mcpu=cortex-m3 -T"C:\Users\itzic\Desktop\baitapxaml\VXL\Git_Lab2\STM32_code\STM32_Lab2\STM32F103C6UX_FLASH.ld" --specs=nosys.specs -Wl,-Map="STM32_Lab2.map" -Wl,--gc-sections -static --specs=nano.specs -mfloat-abi=soft -mthumb -Wl,--start-group -lc -lm -Wl,--end-group
Finished building target: STM32_Lab2.elf
 
arm-none-eabi-size   STM32_Lab2.elf 
arm-none-eabi-objdump -h -S  STM32_Lab2.elf  > "STM32_Lab2.list"
arm-none-eabi-objcopy  -O ihex  STM32_Lab2.elf  "STM32_Lab2.hex"
   text	   data	    bss	    dec	    hex	filename
   8740	     36	   1668	  10444	   28cc	STM32_Lab2.elf
arm-none-eabi-objcopy  -O binary  STM32_Lab2.elf  "STM32_Lab2.bin"
Finished building: default.size.stdout
 
Finished building: STM32_Lab2.hex
Finished building: STM32_Lab2.bin
 
 
Finished building: STM32_Lab2.list
 
15:37:34 **** Incremental Build of configuration Debug for project STM32_Lab2 ****
make -j16 all 
arm-none-eabi-gcc "../Core/Src/main.c" -mcpu=cortex-m3 -std=gnu11 -g3 -DDEBUG -DUSE_HAL_DRIVER -DSTM32F103x6 -c -I../Core/Inc -I../Drivers/STM32F1xx_HAL_Driver/Inc -I../Drivers/STM32F1xx_HAL_Driver/Inc/Legacy -I../Drivers/CMSIS/Device/ST/STM32F1xx/Include -I../Drivers/CMSIS/Include -O0 -ffunction-sections -fdata-sections -Wall -fstack-usage -MMD -MP -MF"Core/Src/main.d" -MT"Core/Src/main.o" --specs=nano.specs -mfloat-abi=soft -mthumb -o "Core/Src/main.o"
arm-none-eabi-gcc -o "STM32_Lab2.elf" @"objects.list"   -mcpu=cortex-m3 -T"C:\Users\itzic\Desktop\baitapxaml\VXL\Git_Lab2\STM32_code\STM32_Lab2\STM32F103C6UX_FLASH.ld" --specs=nosys.specs -Wl,-Map="STM32_Lab2.map" -Wl,--gc-sections -static --specs=nano.specs -mfloat-abi=soft -mthumb -Wl,--start-group -lc -lm -Wl,--end-group
Finished building target: STM32_Lab2.elf
 
arm-none-eabi-size   STM32_Lab2.elf 
arm-none-eabi-objdump -h -S  STM32_Lab2.elf  > "STM32_Lab2.list"
arm-none-eabi-objcopy  -O ihex  STM32_Lab2.elf  "STM32_Lab2.hex"
   text	   data	    bss	    dec	    hex	filename
   8692	     36	   1668	  10396	   289c	STM32_Lab2.elf
arm-none-eabi-objcopy  -O binary  STM32_Lab2.elf  "STM32_Lab2.bin"
Finished building: default.size.stdout
 
Finished building: STM32_Lab2.hex
Finished building: STM32_Lab2.bin
Finished building: STM32_Lab2.list
 
 
 
15:38:07 **** Incremental Build of configuration Debug for project STM32_Lab2 ****
make -j16 all 
arm-none-eabi-gcc "../Core/Src/main.c" -mcpu=cortex-m3 -std=gnu11 -g3 -DDEBUG -DUSE_HAL_DRIVER -DSTM32F103x6 -c -I../Core/Inc -I../Drivers/STM32F1xx_HAL_Driver/Inc -I../Drivers/STM32F1xx_HAL_Driver/Inc/Legacy -I../Drivers/CMSIS/Device/ST/STM32F1xx/Include -I../Drivers/CMSIS/Include -O0 -ffunction-sections -fdata-sections -Wall -fstack-usage -MMD -MP -MF"Core/Src/main.d" -MT"Core/Src/main.o" --specs=nano.specs -mfloat-abi=soft -mthumb -o "Core/Src/main.o"
arm-none-eabi-gcc -o "STM32_Lab2.elf" @"objects.list"   -mcpu=cortex-m3 -T"C:\Users\itzic\Desktop\baitapxaml\VXL\Git_Lab2\STM32_code\STM32_Lab2\STM32F103C6UX_FLASH.ld" --specs=nosys.specs -Wl,-Map="STM32_Lab2.map" -Wl,--gc-sections -static --specs=nano.specs -mfloat-abi=soft -mthumb -Wl,--start-group -lc -lm -Wl,--end-group
Finished building target: STM32_Lab2.elf
 
arm-none-eabi-size   STM32_Lab2.elf 
arm-none-eabi-objdump -h -S  STM32_Lab2.elf  > "STM32_Lab2.list"
arm-none-eabi-objcopy  -O ihex  STM32_Lab2.elf  "STM32_Lab2.hex"
   text	   data	    bss	    dec	    hex	filename
   8692	     36	   1668	  10396	   289c	STM32_Lab2.elf
arm-none-eabi-objcopy  -O binary  STM32_Lab2.elf  "STM32_Lab2.bin"
Finished building: default.size.stdout
 
Finished building: STM32_Lab2.hex
Finished building: STM32_Lab2.bin
 
Finished building: STM32_Lab2.list
 
 
14:15:09 **** Incremental Build of configuration Debug for project STM32_Lab2 ****
make -j16 all 
arm-none-eabi-gcc "../Core/Src/main.c" -mcpu=cortex-m3 -std=gnu11 -g3 -DDEBUG -DUSE_HAL_DRIVER -DSTM32F103x6 -c -I../Core/Inc -I../Drivers/STM32F1xx_HAL_Driver/Inc -I../Drivers/STM32F1xx_HAL_Driver/Inc/Legacy -I../Drivers/CMSIS/Device/ST/STM32F1xx/Include -I../Drivers/CMSIS/Include -O0 -ffunction-sections -fdata-sections -Wall -fstack-usage -MMD -MP -MF"Core/Src/main.d" -MT"Core/Src/main.o" --specs=nano.specs -mfloat-abi=soft -mthumb -o "Core/Src/main.o"
arm-none-eabi-gcc -o "STM32_Lab2.elf" @"objects.list"   -mcpu=cortex-m3 -T"C:\Users\itzic\Desktop\baitapxaml\VXL\Git_Lab2\STM32_code\STM32_Lab2\STM32F103C6UX_FLASH.ld" --specs=nosys.specs -Wl,-Map="STM32_Lab2.map" -Wl,--gc-sections -static --specs=nano.specs -mfloat-abi=soft -mthumb -Wl,--start-group -lc -lm -Wl,--end-group
Finished building target: STM32_Lab2.elf
 
arm-none-eabi-size   STM32_Lab2.elf 
arm-none-eabi-objdump -h -S  STM32_Lab2.elf  > "STM32_Lab2.list"
arm-none-eabi-objcopy  -O ihex  STM32_Lab2.elf  "STM32_Lab2.hex"
   text	   data	    bss	    dec	    hex	filename
   8692	     36	   1668	  10396	   289c	STM32_Lab2.elf
arm-none-eabi-objcopy  -O binary  STM32_Lab2.elf  "STM32_Lab2.bin"
Finished building: default.size.stdout
 
Finished building: STM32_Lab2.hex
Finished building: STM32_Lab2.bin
 
 
Finished building: STM32_Lab2.list
 
14:17:43 **** Incremental Build of configuration Debug for project STM32_Lab2 ****
make -j16 all 
arm-none-eabi-gcc "../Core/Src/main.c" -mcpu=cortex-m3 -std=gnu11 -g3 -DDEBUG -DUSE_HAL_DRIVER -DSTM32F103x6 -c -I../Core/Inc -I../Drivers/STM32F1xx_HAL_Driver/Inc -I../Drivers/STM32F1xx_HAL_Driver/Inc/Legacy -I../Drivers/CMSIS/Device/ST/STM32F1xx/Include -I../Drivers/CMSIS/Include -O0 -ffunction-sections -fdata-sections -Wall -fstack-usage -MMD -MP -MF"Core/Src/main.d" -MT"Core/Src/main.o" --specs=nano.specs -mfloat-abi=soft -mthumb -o "Core/Src/main.o"
arm-none-eabi-gcc -o "STM32_Lab2.elf" @"objects.list"   -mcpu=cortex-m3 -T"C:\Users\itzic\Desktop\baitapxaml\VXL\Git_Lab2\STM32_code\STM32_Lab2\STM32F103C6UX_FLASH.ld" --specs=nosys.specs -Wl,-Map="STM32_Lab2.map" -Wl,--gc-sections -static --specs=nano.specs -mfloat-abi=soft -mthumb -Wl,--start-group -lc -lm -Wl,--end-group
Finished building target: STM32_Lab2.elf
 
arm-none-eabi-size   STM32_Lab2.elf 
arm-none-eabi-objdump -h -S  STM32_Lab2.elf  > "STM32_Lab2.list"
arm-none-eabi-objcopy  -O ihex  STM32_Lab2.elf  "STM32_Lab2.hex"
   text	   data	    bss	    dec	    hex	filename
   8692	     36	   1668	  10396	   289c	STM32_Lab2.elf
arm-none-eabi-objcopy  -O binary  STM32_Lab2.elf  "STM32_Lab2.bin"
Finished building: default.size.stdout
 
Finished building: STM32_Lab2.hex
Finished building: STM32_Lab2.bin
 
Finished building: STM32_Lab2.list
 
 
14:18:02 **** Incremental Build of configuration Debug for project STM32_Lab2 ****
make -j16 all 
arm-none-eabi-gcc "../Core/Src/main.c" -mcpu=cortex-m3 -std=gnu11 -g3 -DDEBUG -DUSE_HAL_DRIVER -DSTM32F103x6 -c -I../Core/Inc -I../Drivers/STM32F1xx_HAL_Driver/Inc -I../Drivers/STM32F1xx_HAL_Driver/Inc/Legacy -I../Drivers/CMSIS/Device/ST/STM32F1xx/Include -I../Drivers/CMSIS/Include -O0 -ffunction-sections -fdata-sections -Wall -fstack-usage -MMD -MP -MF"Core/Src/main.d" -MT"Core/Src/main.o" --specs=nano.specs -mfloat-abi=soft -mthumb -o "Core/Src/main.o"
arm-none-eabi-gcc -o "STM32_Lab2.elf" @"objects.list"   -mcpu=cortex-m3 -T"C:\Users\itzic\Desktop\baitapxaml\VXL\Git_Lab2\STM32_code\STM32_Lab2\STM32F103C6UX_FLASH.ld" --specs=nosys.specs -Wl,-Map="STM32_Lab2.map" -Wl,--gc-sections -static --specs=nano.specs -mfloat-abi=soft -mthumb -Wl,--start-group -lc -lm -Wl,--end-group
Finished building target: STM32_Lab2.elf
 
arm-none-eabi-size   STM32_Lab2.elf 
arm-none-eabi-objdump -h -S  STM32_Lab2.elf  > "STM32_Lab2.list"
arm-none-eabi-objcopy  -O ihex  STM32_Lab2.elf  "STM32_Lab2.hex"
   text	   data	    bss	    dec	    hex	filename
   8692	     36	   1668	  10396	   289c	STM32_Lab2.elf
arm-none-eabi-objcopy  -O binary  STM32_Lab2.elf  "STM32_Lab2.bin"
Finished building: default.size.stdout
 
Finished building: STM32_Lab2.hex
Finished building: STM32_Lab2.bin
 
 
Finished building: STM32_Lab2.list
 
14:18:17 **** Incremental Build of configuration Debug for project STM32_Lab2 ****
make -j16 all 
arm-none-eabi-gcc "../Core/Src/main.c" -mcpu=cortex-m3 -std=gnu11 -g3 -DDEBUG -DUSE_HAL_DRIVER -DSTM32F103x6 -c -I../Core/Inc -I../Drivers/STM32F1xx_HAL_Driver/Inc -I../Drivers/STM32F1xx_HAL_Driver/Inc/Legacy -I../Drivers/CMSIS/Device/ST/STM32F1xx/Include -I../Drivers/CMSIS/Include -O0 -ffunction-sections -fdata-sections -Wall -fstack-usage -MMD -MP -MF"Core/Src/main.d" -MT"Core/Src/main.o" --specs=nano.specs -mfloat-abi=soft -mthumb -o "Core/Src/main.o"
arm-none-eabi-gcc -o "STM32_Lab2.elf" @"objects.list"   -mcpu=cortex-m3 -T"C:\Users\itzic\Desktop\baitapxaml\VXL\Git_Lab2\STM32_code\STM32_Lab2\STM32F103C6UX_FLASH.ld" --specs=nosys.specs -Wl,-Map="STM32_Lab2.map" -Wl,--gc-sections -static --specs=nano.specs -mfloat-abi=soft -mthumb -Wl,--start-group -lc -lm -Wl,--end-group
Finished building target: STM32_Lab2.elf
 
arm-none-eabi-size   STM32_Lab2.elf 
arm-none-eabi-objdump -h -S  STM32_Lab2.elf  > "STM32_Lab2.list"
arm-none-eabi-objcopy  -O ihex  STM32_Lab2.elf  "STM32_Lab2.hex"
   text	   data	    bss	    dec	    hex	filename
   8692	     36	   1668	  10396	   289c	STM32_Lab2.elf
arm-none-eabi-objcopy  -O binary  STM32_Lab2.elf  "STM32_Lab2.bin"
Finished building: default.size.stdout
 
Finished building: STM32_Lab2.hex
Finished building: STM32_Lab2.bin
 
 
Finished building: STM32_Lab2.list
 
14:18:33 **** Incremental Build of configuration Debug for project STM32_Lab2 ****
make -j16 all 
arm-none-eabi-gcc "../Core/Src/main.c" -mcpu=cortex-m3 -std=gnu11 -g3 -DDEBUG -DUSE_HAL_DRIVER -DSTM32F103x6 -c -I../Core/Inc -I../Drivers/STM32F1xx_HAL_Driver/Inc -I../Drivers/STM32F1xx_HAL_Driver/Inc/Legacy -I../Drivers/CMSIS/Device/ST/STM32F1xx/Include -I../Drivers/CMSIS/Include -O0 -ffunction-sections -fdata-sections -Wall -fstack-usage -MMD -MP -MF"Core/Src/main.d" -MT"Core/Src/main.o" --specs=nano.specs -mfloat-abi=soft -mthumb -o "Core/Src/main.o"
arm-none-eabi-gcc -o "STM32_Lab2.elf" @"objects.list"   -mcpu=cortex-m3 -T"C:\Users\itzic\Desktop\baitapxaml\VXL\Git_Lab2\STM32_code\STM32_Lab2\STM32F103C6UX_FLASH.ld" --specs=nosys.specs -Wl,-Map="STM32_Lab2.map" -Wl,--gc-sections -static --specs=nano.specs -mfloat-abi=soft -mthumb -Wl,--start-group -lc -lm -Wl,--end-group
Finished building target: STM32_Lab2.elf
 
arm-none-eabi-size   STM32_Lab2.elf 
arm-none-eabi-objdump -h -S  STM32_Lab2.elf  > "STM32_Lab2.list"
arm-none-eabi-objcopy  -O ihex  STM32_Lab2.elf  "STM32_Lab2.hex"
   text	   data	    bss	    dec	    hex	filename
   8692	     36	   1668	  10396	   289c	STM32_Lab2.elf
arm-none-eabi-objcopy  -O binary  STM32_Lab2.elf  "STM32_Lab2.bin"
Finished building: default.size.stdout
 
Finished building: STM32_Lab2.hex
Finished building: STM32_Lab2.bin
 
 
Finished building: STM32_Lab2.list
 
