16:17:42 **** Incremental Build of configuration Debug for project STM32_Lab2 ****
make -j16 all 
arm-none-eabi-gcc "../Core/Src/main.c" -mcpu=cortex-m3 -std=gnu11 -g3 -DDEBUG -DUSE_HAL_DRIVER -DSTM32F103x6 -c -I../Core/Inc -I../Drivers/STM32F1xx_HAL_Driver/Inc -I../Drivers/STM32F1xx_HAL_Driver/Inc/Legacy -I../Drivers/CMSIS/Device/ST/STM32F1xx/Include -I../Drivers/CMSIS/Include -O0 -ffunction-sections -fdata-sections -Wall -fstack-usage -MMD -MP -MF"Core/Src/main.d" -MT"Core/Src/main.o" --specs=nano.specs -mfloat-abi=soft -mthumb -o "Core/Src/main.o"
arm-none-eabi-gcc -o "STM32_Lab2.elf" @"objects.list"   -mcpu=cortex-m3 -T"C:\Users\itzic\Desktop\baitapxaml\VXL\Git_Lab2\STM32_code\STM32_Lab2\STM32F103C6UX_FLASH.ld" --specs=nosys.specs -Wl,-Map="STM32_Lab2.map" -Wl,--gc-sections -static --specs=nano.specs -mfloat-abi=soft -mthumb -Wl,--start-group -lc -lm -Wl,--end-group
Finished building target: STM32_Lab2.elf
 
arm-none-eabi-size   STM32_Lab2.elf 
arm-none-eabi-objdump -h -S  STM32_Lab2.elf  > "STM32_Lab2.list"
arm-none-eabi-objcopy  -O ihex  STM32_Lab2.elf  "STM32_Lab2.hex"
   text	   data	    bss	    dec	    hex	filename
   8740	     40	   1672	  10452	   28d4	STM32_Lab2.elf
arm-none-eabi-objcopy  -O binary  STM32_Lab2.elf  "STM32_Lab2.bin"
Finished building: default.size.stdout
 
Finished building: STM32_Lab2.hex
Finished building: STM32_Lab2.bin
 
 
Finished building: STM32_Lab2.list
 

16:17:42 Build Finished. 0 errors, 0 warnings. (took 753ms)

