16:17:13 **** Incremental Build of configuration Debug for project STM32_Lab2 ****
make -j16 all 
arm-none-eabi-gcc -o "STM32_Lab2.elf" @"objects.list"   -mcpu=cortex-m3 -T"C:\Users\itzic\Desktop\baitapxaml\VXL\Git_Lab2\STM32_Lab2\STM32F103C6UX_FLASH.ld" --specs=nosys.specs -Wl,-Map="STM32_Lab2.map" -Wl,--gc-sections -static --specs=nano.specs -mfloat-abi=soft -mthumb -Wl,--start-group -lc -lm -Wl,--end-group
Finished building target: STM32_Lab2.elf
 
arm-none-eabi-size   STM32_Lab2.elf 
arm-none-eabi-objdump -h -S  STM32_Lab2.elf  > "STM32_Lab2.list"
arm-none-eabi-objcopy  -O ihex  STM32_Lab2.elf  "STM32_Lab2.hex"
   text	   data	    bss	    dec	    hex	filename
   7012	     20	   1652	   8684	   21ec	STM32_Lab2.elf
arm-none-eabi-objcopy  -O binary  STM32_Lab2.elf  "STM32_Lab2.bin"
Finished building: default.size.stdout
 
Finished building: STM32_Lab2.hex
Finished building: STM32_Lab2.bin
 
 
Finished building: STM32_Lab2.list
 

16:17:13 Build Finished. 0 errors, 0 warnings. (took 439ms)

