main.c:59:6:display7SEG	16	static
main.c:155:6:update7SEG	16	static
main.c:189:6:updateClockBuffer	16	static
main.c:210:7:setTimer0	16	static
main.c:214:7:timer_run	4	static
main.c:223:6:setCol	16	static
main.c:235:6:clearRow	8	static
main.c:246:6:clearCol	8	static
main.c:256:6:updateLEDMatrix	16	static
main.c:301:5:main	32	static
main.c:405:6:SystemClock_Config	72	static
main.c:441:13:MX_TIM2_Init	32	static
main.c:486:13:MX_GPIO_Init	32	static
main.c:536:6:HAL_TIM_PeriodElapsedCallback	16	static
main.c:548:6:Error_Handler	4	static,ignoring_inline_asm
