main.c:59:6:display7SEG	16	static
main.c:155:6:update7SEG	16	static
main.c:189:6:updateClockBuffer	16	static
main.c:210:7:setTimer0	16	static
main.c:214:7:timer_run	4	static
main.c:224:6:setCol	16	static
main.c:236:6:clearRow	8	static
main.c:247:6:clearCol	8	static
main.c:257:6:updateLEDMatrix	24	static
main.c:303:5:main	32	static
main.c:410:6:SystemClock_Config	72	static
main.c:446:13:MX_TIM2_Init	32	static
main.c:491:13:MX_GPIO_Init	32	static
main.c:541:6:HAL_TIM_PeriodElapsedCallback	16	static
main.c:553:6:Error_Handler	4	static,ignoring_inline_asm
